Archive member included to satisfy reference by file (symbol)

../lib-rdmresponder/lib_linux/librdmresponder.a(artnetrdmresponder.o)
                              build_linux/src/main.o (ArtNetRdmResponder::ArtNetRdmResponder(RDMPersonality*, LightSet*))
../lib-rdm/lib_linux/librdm.a(rdmmessageprint.o)
                              ../lib-rdmresponder/lib_linux/librdmresponder.a(artnetrdmresponder.o) (RDMMessage::Print(unsigned char const*))
../lib-rdm/lib_linux/librdm.a(rdmdeviceresponder.o)
                              ../lib-rdmresponder/lib_linux/librdmresponder.a(artnetrdmresponder.o) (RDMDeviceResponder::RDMDeviceResponder(RDMPersonality*, LightSet*, bool))
../lib-rdm/lib_linux/librdm.a(rdmpersonality.o)
                              build_linux/src/main.o (RDMPersonality::RDMPersonality(char const*, unsigned short))
../lib-rdm/lib_linux/librdm.a(rdmhandler.o)
                              ../lib-rdmresponder/lib_linux/librdmresponder.a(artnetrdmresponder.o) (RDMHandler::RDMHandler(RDMDeviceResponder*))
../lib-rdm/lib_linux/librdm.a(rdmdevice.o)
                              ../lib-rdm/lib_linux/librdm.a(rdmdeviceresponder.o) (RDMDevice::RDMDevice())
../lib-rdm/lib_linux/librdm.a(rdmidentify.o)
                              build_linux/lib/identify.o (RDMIdentify::RDMIdentify())
../lib-rdm/lib_linux/librdm.a(rdmdeviceresponderprint.o)
                              build_linux/src/main.o (RDMDeviceResponder::Print())
../lib-rdm/lib_linux/librdm.a(rdmslotinfo.o)
                              ../lib-rdm/lib_linux/librdm.a(rdmhandler.o) (RDMSlotInfo::GetCategoryText(unsigned short, unsigned char&))
../lib-rdm/lib_linux/librdm.a(rdmqueuedmessage.o)
                              ../lib-rdm/lib_linux/librdm.a(rdmhandler.o) (RDMQueuedMessage::RDMQueuedMessage())
../lib-rdmsensor/lib_linux/librdmsensor.a(rdmsensors.o)
                              ../lib-rdm/lib_linux/librdm.a(rdmdeviceresponder.o) (RDMSensors::RDMSensors())
../lib-rdmsensor/lib_linux/librdmsensor.a(rdmsensor.o)
                              ../lib-rdmsensor/lib_linux/librdmsensor.a(rdmsensors.o) (RDMSensor::GetValues())
../lib-rdmsensor/lib_linux/librdmsensor.a(cputemperature.o)
                              ../lib-rdmsensor/lib_linux/librdmsensor.a(rdmsensors.o) (CpuTemperature::Initialize())
../lib-rdmsubdevice/lib_linux/librdmsubdevice.a(rdmsubdevices.o)
                              ../lib-rdm/lib_linux/librdm.a(rdmdeviceresponder.o) (RDMSubDevices::RDMSubDevices())
../lib-rdmsubdevice/lib_linux/librdmsubdevice.a(rdmsubdevice.o)
                              ../lib-rdmsubdevice/lib_linux/librdmsubdevice.a(rdmsubdevices.o) (RDMSubDevice::SetDmxStartAddress(unsigned short))
../lib-artnet/lib_linux/libartnet.a(artnetnode.o)
                              build_linux/src/main.o (ArtNetNode::ArtNetNode())
../lib-artnet/lib_linux/libartnet.a(artnetnodeprint.o)
                              build_linux/src/main.o (ArtNetNode::Print())
../lib-artnet/lib_linux/libartnet.a(artnetrdm.o)
                              ../lib-rdmresponder/lib_linux/librdmresponder.a(artnetrdmresponder.o) (ArtNetRdm::~ArtNetRdm())
../lib-artnet/lib_linux/libartnet.a(artnetparams.o)
                              build_linux/src/main.o (ArtNetParams::ArtNetParams())
../lib-artnet/lib_linux/libartnet.a(artnetipprog.o)
                              build_linux/lib/ipprog.o (ArtNetIpProg::~ArtNetIpProg())
../lib-l6470dmx/lib_linux/libl6470dmx.a(sparkfundmx.o)
                              build_linux/src/main.o (SparkFunDmx::SparkFunDmx())
../lib-l6470dmx/lib_linux/libl6470dmx.a(slushdmx.o)
                              build_linux/src/main.o (SlushDmx::SlushDmx(bool))
../lib-l6470dmx/lib_linux/libl6470dmx.a(modeparams.o)
                              ../lib-l6470dmx/lib_linux/libl6470dmx.a(sparkfundmx.o) (ModeParams::ModeParams(char const*))
../lib-l6470dmx/lib_linux/libl6470dmx.a(l6470params.o)
                              ../lib-l6470dmx/lib_linux/libl6470dmx.a(sparkfundmx.o) (L6470Params::L6470Params(char const*))
../lib-l6470dmx/lib_linux/libl6470dmx.a(motorparams.o)
                              ../lib-l6470dmx/lib_linux/libl6470dmx.a(sparkfundmx.o) (MotorParams::MotorParams(char const*))
../lib-l6470dmx/lib_linux/libl6470dmx.a(l6470dmxmodes.o)
                              ../lib-l6470dmx/lib_linux/libl6470dmx.a(sparkfundmx.o) (L6470DmxModes::L6470DmxModes(TL6470DmxModes, unsigned short, L6470*, MotorParams*, ModeParams*))
../lib-l6470dmx/lib_linux/libl6470dmx.a(l6470dmxmode3.o)
                              ../lib-l6470dmx/lib_linux/libl6470dmx.a(l6470dmxmodes.o) (L6470DmxMode3::L6470DmxMode3(L6470*, MotorParams*))
../lib-l6470dmx/lib_linux/libl6470dmx.a(l6470dmxmode5.o)
                              ../lib-l6470dmx/lib_linux/libl6470dmx.a(l6470dmxmodes.o) (L6470DmxMode5::L6470DmxMode5(L6470*, MotorParams*, ModeParams*))
../lib-l6470dmx/lib_linux/libl6470dmx.a(l6470dmxmode2.o)
[...]
Memory Configuration

Name             Origin             Length             Attributes
*default*        0x0000000000000000 0xffffffffffffffff

Linker script and memory map

LOAD /usr/lib/gcc/x86_64-linux-gnu/5/../../../x86_64-linux-gnu/crt1.o
LOAD /usr/lib/gcc/x86_64-linux-gnu/5/../../../x86_64-linux-gnu/crti.o
LOAD /usr/lib/gcc/x86_64-linux-gnu/5/crtbegin.o
LOAD build_linux/src/main.o
LOAD build_linux/lib/identify.o
LOAD build_linux/lib/ipprog.o
LOAD build_linux/lib/rdmsoftwareversion.o
LOAD ../lib-rdmresponder/lib_linux/librdmresponder.a
LOAD ../lib-rdm/lib_linux/librdm.a
LOAD ../lib-rdmsensor/lib_linux/librdmsensor.a
LOAD ../lib-rdmsubdevice/lib_linux/librdmsubdevice.a
LOAD ../lib-artnet/lib_linux/libartnet.a
LOAD ../lib-l6470dmx/lib_linux/libl6470dmx.a
LOAD ../lib-l6470/lib_linux/libl6470.a
LOAD ../lib-pwmdmx/lib_linux/libpwmdmx.a
LOAD ../lib-pca9685dmx/lib_linux/libpca9685dmx.a
LOAD ../lib-pca9685/lib_linux/libpca9685.a
LOAD ../lib-tlc59711dmx/lib_linux/libtlc59711dmx.a
LOAD ../lib-tlc59711/lib_linux/libtlc59711.a
LOAD ../lib-ledblink/lib_linux/libledblink.a
LOAD ../lib-lightset/lib_linux/liblightset.a
LOAD ../lib-bob/lib_linux/libbob.a
LOAD ../lib-i2c/lib_linux/libi2c.a
LOAD ../lib-bcm2835_raspbian/lib_linux/libbcm2835_raspbian.a
LOAD ../lib-hal/lib_linux/libhal.a
LOAD ../lib-network/lib_linux/libnetwork.a
LOAD ../lib-properties/lib_linux/libproperties.a
LOAD /usr/lib/gcc/x86_64-linux-gnu/5/../../../x86_64-linux-gnu/libuuid.so
LOAD /usr/lib/gcc/x86_64-linux-gnu/5/libstdc++.so
LOAD /usr/lib/gcc/x86_64-linux-gnu/5/../../../x86_64-linux-gnu/libm.so
START GROUP
LOAD /lib/x86_64-linux-gnu/libm.so.6
LOAD /usr/lib/x86_64-linux-gnu/libmvec_nonshared.a
LOAD /lib/x86_64-linux-gnu/libmvec.so.1
END GROUP
LOAD /usr/lib/gcc/x86_64-linux-gnu/5/libgcc_s.so
LOAD /usr/lib/gcc/x86_64-linux-gnu/5/libgcc.a
LOAD /usr/lib/gcc/x86_64-linux-gnu/5/../../../x86_64-linux-gnu/libc.so
START GROUP
LOAD /lib/x86_64-linux-gnu/libc.so.6
LOAD /usr/lib/x86_64-linux-gnu/libc_nonshared.a
LOAD /lib/x86_64-linux-gnu/ld-linux-x86-64.so.2
END GROUP
LOAD /usr/lib/gcc/x86_64-linux-gnu/5/libgcc_s.so
LOAD /usr/lib/gcc/x86_64-linux-gnu/5/libgcc.a
LOAD /usr/lib/gcc/x86_64-linux-gnu/5/crtend.o
LOAD /usr/lib/gcc/x86_64-linux-gnu/5/../../../x86_64-linux-gnu/crtn.o
                [!provide]                        PROVIDE (__executable_start, 0x400000)
                0x0000000000400238                . = (0x400000 + SIZEOF_HEADERS)

.interp         0x0000000000400238       0x1c
 *(.interp)
 .interp        0x0000000000400238       0x1c /usr/lib/gcc/x86_64-linux-gnu/5/../../../x86_64-linux-gnu/crt1.o

.note.ABI-tag   0x0000000000400254       0x20
 .note.ABI-tag  0x0000000000400254       0x20 /usr/lib/gcc/x86_64-linux-gnu/5/../../../x86_64-linux-gnu/crt1.o

.note.gnu.build-id
                0x0000000000400274       0x24
 *(.note.gnu.build-id)
 .note.gnu.build-id
                0x0000000000400274       0x24 /usr/lib/gcc/x86_64-linux-gnu/5/../../../x86_64-linux-gnu/crt1.o

.hash
 *(.hash)

.gnu.hash       0x0000000000400298       0x30
 *(.gnu.hash)
 .gnu.hash      0x0000000000400298       0x30 /usr/lib/gcc/x86_64-linux-gnu/5/../../../x86_64-linux-gnu/crt1.o

.dynsym         0x00000000004002c8      0x678
 *(.dynsym)
 .dynsym        0x00000000004002c8      0x678 /usr/lib/gcc/x86_64-linux-gnu/5/../../../x86_64-linux-gnu/crt1.o

.dynstr         0x0000000000400940      0x2fe
 *(.dynstr)
 .dynstr        0x0000000000400940      0x2fe /usr/lib/gcc/x86_64-linux-gnu/5/../../../x86_64-linux-gnu/crt1.o

.gnu.version    0x0000000000400c3e       0x8a
 *(.gnu.version)
 .gnu.version   0x0000000000400c3e       0x8a /usr/lib/gcc/x86_64-linux-gnu/5/../../../x86_64-linux-gnu/crt1.o

.gnu.version_d  0x0000000000400cc8        0x0
 *(.gnu.version_d)
 .gnu.version_d
                0x0000000000400cc8        0x0 /usr/lib/gcc/x86_64-linux-gnu/5/../../../x86_64-linux-gnu/crt1.o

.gnu.version_r  0x0000000000400cc8       0xa0
 *(.gnu.version_r)
 .gnu.version_r
                0x0000000000400cc8       0xa0 /usr/lib/gcc/x86_64-linux-gnu/5/../../../x86_64-linux-gnu/crt1.o

.rela.dyn       0x0000000000400d68       0x30
 *(.rela.init)
 *(.rela.text .rela.text.* .rela.gnu.linkonce.t.*)
 .rela.text     0x0000000000400d68        0x0 /usr/lib/gcc/x86_64-linux-gnu/5/../../../x86_64-linux-gnu/crt1.o
 .rela.text.startup
                0x0000000000400d68        0x0 /usr/lib/gcc/x86_64-linux-gnu/5/../../../x86_64-linux-gnu/crt1.o
 .rela.text._ZN13HardwareLinux7GetTimeEv
                0x0000000000400d68        0x0 /usr/lib/gcc/x86_64-linux-gnu/5/../../../x86_64-linux-gnu/crt1.o
 *(.rela.fini)
 *(.rela.rodata .rela.rodata.* .rela.gnu.linkonce.r.*)
 .rela.rodata._ZTV11RDMIdentify
                0x0000000000400d68        0x0 /usr/lib/gcc/x86_64-linux-gnu/5/../../../x86_64-linux-gnu/crt1.o
 .rela.rodata._ZTV9RDMSensor
                0x0000000000400d68        0x0 /usr/lib/gcc/x86_64-linux-gnu/5/../../../x86_64-linux-gnu/crt1.o
 .rela.rodata._ZTV12RDMSubDevice
                0x0000000000400d68        0x0 /usr/lib/gcc/x86_64-linux-gnu/5/../../../x86_64-linux-gnu/crt1.o
 .rela.rodata._ZTV9ArtNetRdm
                0x0000000000400d68        0x0 /usr/lib/gcc/x86_64-linux-gnu/5/../../../x86_64-linux-gnu/crt1.o
 .rela.rodata._ZTV12ArtNetIpProg
                0x0000000000400d68        0x0 /usr/lib/gcc/x86_64-linux-gnu/5/../../../x86_64-linux-gnu/crt1.o
 .rela.rodata._ZTV11SparkFunDmx
                0x0000000000400d68        0x0 /usr/lib/gcc/x86_64-linux-gnu/5/../../../x86_64-linux-gnu/crt1.o
 .rela.rodata._ZTV8SlushDmx
                0x0000000000400d68        0x0 /usr/lib/gcc/x86_64-linux-gnu/5/../../../x86_64-linux-gnu/crt1.o
 .rela.rodata._ZTV12L6470DmxMode
                0x0000000000400d68        0x0 /usr/lib/gcc/x86_64-linux-gnu/5/../../../x86_64-linux-gnu/crt1.o
 .rela.rodata._ZTV5L6470
                0x0000000000400d68        0x0 /usr/lib/gcc/x86_64-linux-gnu/5/../../../x86_64-linux-gnu/crt1.o
 .rela.rodata._ZTV13PCA9685DmxLed
                0x0000000000400d68        0x0 /usr/lib/gcc/x86_64-linux-gnu/5/../../../x86_64-linux-gnu/crt1.o
 .rela.rodata._ZTV15PCA9685DmxServo
                0x0000000000400d68        0x0 /usr/lib/gcc/x86_64-linux-gnu/5/../../../x86_64-linux-gnu/crt1.o
 .rela.rodata._ZTV11TLC59711Dmx
                0x0000000000400d68        0x0 /usr/lib/gcc/x86_64-linux-gnu/5/../../../x86_64-linux-gnu/crt1.o
 .rela.rodata._ZTV8LedBlink
                0x0000000000400d68        0x0 /usr/lib/gcc/x86_64-linux-gnu/5/../../../x86_64-linux-gnu/crt1.o
 .rela.rodata._ZTV13LightSetChain
                0x0000000000400d68        0x0 /usr/lib/gcc/x86_64-linux-gnu/5/../../../x86_64-linux-gnu/crt1.o
 .rela.rodata._ZTV8LightSet
                0x0000000000400d68        0x0 /usr/lib/gcc/x86_64-linux-gnu/5/../../../x86_64-linux-gnu/crt1.o
 .rela.rodata._ZTV8Hardware
                0x0000000000400d68        0x0 /usr/lib/gcc/x86_64-linux-gnu/5/../../../x86_64-linux-gnu/crt1.o
 .rela.rodata._ZTV13HardwareLinux
                0x0000000000400d68        0x0 /usr/lib/gcc/x86_64-linux-gnu/5/../../../x86_64-linux-gnu/crt1.o
 .rela.rodata._ZTV7Network
                0x0000000000400d68        0x0 /usr/lib/gcc/x86_64-linux-gnu/5/../../../x86_64-linux-gnu/crt1.o
 *(.rela.data .rela.data.* .rela.gnu.linkonce.d.*)
 *(.rela.tdata .rela.tdata.* .rela.gnu.linkonce.td.*)
 *(.rela.tbss .rela.tbss.* .rela.gnu.linkonce.tb.*)
 *(.rela.ctors)
 *(.rela.dtors)
 *(.rela.got)
 .rela.got      0x0000000000400d68       0x18 /usr/lib/gcc/x86_64-linux-gnu/5/../../../x86_64-linux-gnu/crt1.o
 *(.rela.bss .rela.bss.* .rela.gnu.linkonce.b.*)
 .rela.bss      0x0000000000400d80       0x18 /usr/lib/gcc/x86_64-linux-gnu/5/../../../x86_64-linux-gnu/crt1.o
 *(.rela.ldata .rela.ldata.* .rela.gnu.linkonce.l.*)
 *(.rela.lbss .rela.lbss.* .rela.gnu.linkonce.lb.*)
 *(.rela.lrodata .rela.lrodata.* .rela.gnu.linkonce.lr.*)
 *(.rela.ifunc)
 .rela.eh_frame
                0x0000000000400d98        0x0 /usr/lib/gcc/x86_64-linux-gnu/5/../../../x86_64-linux-gnu/crt1.o

.rela.plt       0x0000000000400d98      0x5e8
 *(.rela.plt)
 .rela.plt      0x0000000000400d98      0x5e8 /usr/lib/gcc/x86_64-linux-gnu/5/../../../x86_64-linux-gnu/crt1.o
                [!provide]                        PROVIDE (__rela_iplt_start, .)
 *(.rela.iplt)
 .rela.iplt     0x0000000000401380        0x0 /usr/lib/gcc/x86_64-linux-gnu/5/../../../x86_64-linux-gnu/crt1.o
                [!provide]                        PROVIDE (__rela_iplt_end, .)

.init           0x0000000000401380       0x1a
 *(SORT(.init))
 .init          0x0000000000401380       0x15 /usr/lib/gcc/x86_64-linux-gnu/5/../../../x86_64-linux-gnu/crti.o
                0x0000000000401380                _init
 .init          0x0000000000401395        0x5 /usr/lib/gcc/x86_64-linux-gnu/5/../../../x86_64-linux-gnu/crtn.o

.plt            0x00000000004013a0      0x400
 *(.plt)
 .plt           0x00000000004013a0      0x400 /usr/lib/gcc/x86_64-linux-gnu/5/../../../x86_64-linux-gnu/crt1.o
                0x00000000004013b0                __printf_chk@@GLIBC_2.3.4
                0x00000000004013c0                operator new[](unsigned long)@@GLIBCXX_3.4
                0x00000000004013d0                __errno_location@@GLIBC_2.2.5
                0x00000000004013e0                printf@@GLIBC_2.2.5
                0x00000000004013f0                sendto@@GLIBC_2.2.5
                0x0000000000401400                uname@@GLIBC_2.2.5
                0x0000000000401410                bind@@GLIBC_2.2.5
                0x0000000000401420                strstr@@GLIBC_2.2.5
                0x0000000000401430                socket@@GLIBC_2.2.5
                0x0000000000401440                nanosleep@@GLIBC_2.2.5
                0x0000000000401450                popen@@GLIBC_2.2.5
                0x0000000000401460                strerror@@GLIBC_2.2.5
                0x0000000000401470                strlen@@GLIBC_2.2.5
                0x0000000000401480                memcmp@@GLIBC_2.2.5
                0x0000000000401490                getuid@@GLIBC_2.2.5
                0x00000000004014a0                posix_memalign@@GLIBC_2.2.5
                0x00000000004014b0                strncpy@@GLIBC_2.2.5
                0x00000000004014c0                memset@@GLIBC_2.2.5
                0x00000000004014d0                munmap@@GLIBC_2.2.5
                0x00000000004014e0                geteuid@@GLIBC_2.2.5
                0x00000000004014f0                __strncpy_chk@@GLIBC_2.3.4
                0x0000000000401500                __snprintf_chk@@GLIBC_2.3.4
                0x0000000000401510                open@@GLIBC_2.2.5
                0x0000000000401520                localtime@@GLIBC_2.2.5
                0x0000000000401530                recvfrom@@GLIBC_2.2.5
                0x0000000000401540                strtod@@GLIBC_2.2.5
                0x0000000000401550                perror@@GLIBC_2.2.5
                0x0000000000401560                reboot@@GLIBC_2.2.5
                0x0000000000401570                system@@GLIBC_2.2.5
                0x0000000000401580                __strcpy_chk@@GLIBC_2.3.4
                0x0000000000401590                time@@GLIBC_2.2.5
                0x00000000004015a0                sync@@GLIBC_2.2.5
                0x00000000004015b0                operator delete(void*)@@GLIBCXX_3.4
                0x00000000004015c0                fclose@@GLIBC_2.2.5
                0x00000000004015d0                operator new(unsigned long)@@GLIBCXX_3.4
                0x00000000004015e0                inet_ntop@@GLIBC_2.2.5
                0x00000000004015f0                __ctype_b_loc@@GLIBC_2.3
                0x0000000000401600                strcasecmp@@GLIBC_2.2.5
                0x0000000000401610                fseek@@GLIBC_2.2.5
                0x0000000000401620                __stack_chk_fail@@GLIBC_2.4
                0x0000000000401630                fopen@@GLIBC_2.2.5
                0x0000000000401640                exit@@GLIBC_2.2.5
                0x0000000000401650                operator delete[](void*)@@GLIBCXX_3.4
                0x0000000000401660                sysinfo@@GLIBC_2.2.5
                0x0000000000401670                strcmp@@GLIBC_2.2.5
                0x0000000000401680                strtol@@GLIBC_2.2.5
                0x0000000000401690                ioctl@@GLIBC_2.2.5
                0x00000000004016a0                pclose@@GLIBC_2.2.5
                0x00000000004016b0                fprintf@@GLIBC_2.2.5
                0x00000000004016c0                fread@@GLIBC_2.2.5
                0x00000000004016d0                gethostname@@GLIBC_2.2.5
                0x00000000004016e0                fgets@@GLIBC_2.2.5
                0x00000000004016f0                gettimeofday@@GLIBC_2.2.5
                0x0000000000401700                __fprintf_chk@@GLIBC_2.3.4
                0x0000000000401710                __gxx_personality_v0@@CXXABI_1.3
                0x0000000000401720                freeifaddrs@@GLIBC_2.3
                0x0000000000401730                _Unwind_Resume@@GCC_3.0
                0x0000000000401740                mmap@@GLIBC_2.2.5
                0x0000000000401750                setsockopt@@GLIBC_2.2.5
                0x0000000000401760                __libc_start_main@@GLIBC_2.2.5
                0x0000000000401770                getifaddrs@@GLIBC_2.3
                0x0000000000401780                __cxa_pure_virtual@@CXXABI_1.3
                0x0000000000401790                close@@GLIBC_2.2.5
 *(.iplt)
 .iplt          0x00000000004017a0        0x0 /usr/lib/gcc/x86_64-linux-gnu/5/../../../x86_64-linux-gnu/crt1.o

.plt.got        0x00000000004017a0        0x8
 *(.plt.got)
 .plt.got       0x00000000004017a0        0x8 /usr/lib/gcc/x86_64-linux-gnu/5/../../../x86_64-linux-gnu/crt1.o

.plt.bnd
 *(.plt.bnd)

.text           0x00000000004017b0    0x223c2
 *(.text.unlikely .text.*_unlikely .text.unlikely.*)
 .text.unlikely
                0x00000000004017b0        0x0 /usr/lib/gcc/x86_64-linux-gnu/5/crtbegin.o
 .text.unlikely
                0x00000000004017b0        0x0 build_linux/src/main.o
 .text.unlikely
                0x00000000004017b0        0x0 build_linux/lib/identify.o
 .text.unlikely
                0x00000000004017b0        0x0 build_linux/lib/ipprog.o
 .text.unlikely
                0x00000000004017b0        0x0 build_linux/lib/rdmsoftwareversion.o
 .text.unlikely
                0x00000000004017b0        0x0 ../lib-rdmresponder/lib_linux/librdmresponder.a(artnetrdmresponder.o)
 .text.unlikely
                0x00000000004017b0        0x0 ../lib-rdm/lib_linux/librdm.a(rdmmessageprint.o)
 .text.unlikely
                0x00000000004017b0        0x0 ../lib-rdm/lib_linux/librdm.a(rdmdeviceresponder.o)
 .text.unlikely
                0x00000000004017b0        0x0 ../lib-rdm/lib_linux/librdm.a(rdmpersonality.o)
 .text.unlikely
                0x00000000004017b0        0x0 ../lib-rdm/lib_linux/librdm.a(rdmhandler.o)
 .text.unlikely
                0x00000000004017b0        0x0 ../lib-rdm/lib_linux/librdm.a(rdmdevice.o)
 .text.unlikely
                0x00000000004017b0        0x0 ../lib-rdm/lib_linux/librdm.a(rdmidentify.o)
 .text.unlikely
                0x00000000004017b0        0x0 ../lib-rdm/lib_linux/librdm.a(rdmdeviceresponderprint.o)
 .text.unlikely
                0x00000000004017b0        0x0 ../lib-rdm/lib_linux/librdm.a(rdmslotinfo.o)
 .text.unlikely
                0x00000000004017b0        0x0 ../lib-rdm/lib_linux/librdm.a(rdmqueuedmessage.o)
 .text.unlikely
                0x00000000004017b0        0x0 ../lib-rdmsensor/lib_linux/librdmsensor.a(rdmsensors.o)
 .text.unlikely
                0x00000000004017b0        0x0 ../lib-rdmsensor/lib_linux/librdmsensor.a(rdmsensor.o)
 .text.unlikely
                0x00000000004017b0        0x0 ../lib-rdmsensor/lib_linux/librdmsensor.a(cputemperature.o)
 .text.unlikely
                0x00000000004017b0        0x0 ../lib-rdmsubdevice/lib_linux/librdmsubdevice.a(rdmsubdevices.o)
 .text.unlikely
                0x00000000004017b0        0x0 ../lib-rdmsubdevice/lib_linux/librdmsubdevice.a(rdmsubdevice.o)
 .text.unlikely
                0x00000000004017b0        0x0 ../lib-artnet/lib_linux/libartnet.a(artnetnode.o)
 .text.unlikely
                0x00000000004017b0        0x0 ../lib-artnet/lib_linux/libartnet.a(artnetnodeprint.o)
 .text.unlikely
                0x00000000004017b0        0x0 ../lib-artnet/lib_linux/libartnet.a(artnetrdm.o)
 .text.unlikely
                0x00000000004017b0        0x0 ../lib-artnet/lib_linux/libartnet.a(artnetparams.o)
 .text.unlikely
                0x00000000004017b0        0x0 ../lib-artnet/lib_linux/libartnet.a(artnetipprog.o)
 .text.unlikely._ZN11SparkFunDmx18GetDmxStartAddressEv
                0x00000000004017b0        0x0 ../lib-l6470dmx/lib_linux/libl6470dmx.a(sparkfundmx.o)
 .text.unlikely._ZN11SparkFunDmx15GetDmxFootprintEv
                0x00000000004017b0        0x0 ../lib-l6470dmx/lib_linux/libl6470dmx.a(sparkfundmx.o)
 .text.unlikely
                0x00000000004017b0        0x0 ../lib-l6470dmx/lib_linux/libl6470dmx.a(sparkfundmx.o)
 .text.unlikely._ZN8SlushDmx18GetDmxStartAddressEv
                0x00000000004017b0        0x0 ../lib-l6470dmx/lib_linux/libl6470dmx.a(slushdmx.o)
 .text.unlikely._ZN8SlushDmx15GetDmxFootprintEv
                0x00000000004017b0        0x0 ../lib-l6470dmx/lib_linux/libl6470dmx.a(slushdmx.o)
 .text.unlikely
                0x00000000004017b0        0x0 ../lib-l6470dmx/lib_linux/libl6470dmx.a(slushdmx.o)
 .text.unlikely
                0x00000000004017b0        0x0 ../lib-l6470dmx/lib_linux/libl6470dmx.a(modeparams.o)
 .text.unlikely
                0x00000000004017b0        0x0 ../lib-l6470dmx/lib_linux/libl6470dmx.a(l6470params.o)
 .text.unlikely
                0x00000000004017b0        0x0 ../lib-l6470dmx/lib_linux/libl6470dmx.a(motorparams.o)
 .text.unlikely
                0x00000000004017b0        0x0 ../lib-l6470dmx/lib_linux/libl6470dmx.a(l6470dmxmodes.o)
 .text.unlikely
                0x00000000004017b0        0x0 ../lib-l6470dmx/lib_linux/libl6470dmx.a(l6470dmxmode3.o)
 .text.unlikely
                0x00000000004017b0        0x0 ../lib-l6470dmx/lib_linux/libl6470dmx.a(l6470dmxmode5.o)
 .text.unlikely
                0x00000000004017b0        0x0 ../lib-l6470dmx/lib_linux/libl6470dmx.a(l6470dmxmode2.o)
 .text.unlikely
                0x00000000004017b0        0x0 ../lib-l6470dmx/lib_linux/libl6470dmx.a(l6470dmxmode.o)
 .text.unlikely
                0x00000000004017b0        0x0 ../lib-l6470dmx/lib_linux/libl6470dmx.a(l6470dmxmode0.o)
 .text.unlikely
                0x00000000004017b0        0x0 ../lib-l6470dmx/lib_linux/libl6470dmx.a(l6470dmxmode1.o)
 .text.unlikely
                0x00000000004017b0        0x0 ../lib-l6470dmx/lib_linux/libl6470dmx.a(l6470dmxmode6.o)
 .text.unlikely
                0x00000000004017b0        0x0 ../lib-l6470dmx/lib_linux/libl6470dmx.a(l6470dmxmode4.o)
 .text.unlikely
                0x00000000004017b0        0x0 ../lib-l6470/lib_linux/libl6470.a(slushboard.o)
 .text.unlikely
                0x00000000004017b0        0x0 ../lib-l6470/lib_linux/libl6470.a(autodriver.o)
 .text.unlikely
                0x00000000004017b0        0x0 ../lib-l6470/lib_linux/libl6470.a(l6470config.o)
 .text.unlikely
                0x00000000004017b0        0x0 ../lib-l6470/lib_linux/libl6470.a(l6470dump.o)
 .text.unlikely
                0x00000000004017b0        0x0 ../lib-l6470/lib_linux/libl6470.a(l6470commands.o)
 .text.unlikely
                0x00000000004017b0        0x0 ../lib-l6470/lib_linux/libl6470.a(l6470.o)
 .text.unlikely
                0x00000000004017b0        0x0 ../lib-l6470/lib_linux/libl6470.a(slushmotor.o)
 .text.unlikely
                0x00000000004017b0        0x0 ../lib-l6470/lib_linux/libl6470.a(l6470support.o)
 .text.unlikely
                0x00000000004017b0        0x0 ../lib-pwmdmx/lib_linux/libpwmdmx.a(pwmdmx.o)
 .text.unlikely
                0x00000000004017b0        0x0 ../lib-pca9685dmx/lib_linux/libpca9685dmx.a(pca9685dmxledparams.o)
 .text.unlikely
                0x00000000004017b0        0x0 ../lib-pca9685dmx/lib_linux/libpca9685dmx.a(pca9685dmxservoparams.o)
 .text.unlikely._ZN13PCA9685DmxLed18GetDmxStartAddressEv
                0x00000000004017b0        0x0 ../lib-pca9685dmx/lib_linux/libpca9685dmx.a(pca9685dmxled.o)
 .text.unlikely._ZN13PCA9685DmxLed15GetDmxFootprintEv
                0x00000000004017b0        0x0 ../lib-pca9685dmx/lib_linux/libpca9685dmx.a(pca9685dmxled.o)
 .text.unlikely
                0x00000000004017b0        0x0 ../lib-pca9685dmx/lib_linux/libpca9685dmx.a(pca9685dmxled.o)
 .text.unlikely._ZN15PCA9685DmxServo18GetDmxStartAddressEv
                0x00000000004017b0        0x0 ../lib-pca9685dmx/lib_linux/libpca9685dmx.a(pca9685dmxservo.o)
 .text.unlikely._ZN15PCA9685DmxServo15GetDmxFootprintEv
                0x00000000004017b0        0x0 ../lib-pca9685dmx/lib_linux/libpca9685dmx.a(pca9685dmxservo.o)
 .text.unlikely
                0x00000000004017b0        0x0 ../lib-pca9685dmx/lib_linux/libpca9685dmx.a(pca9685dmxservo.o)
 .text.unlikely
                0x00000000004017b0        0x0 ../lib-pca9685dmx/lib_linux/libpca9685dmx.a(pca9685dmxparams.o)
 .text.unlikely
                0x00000000004017b0        0x0 ../lib-pca9685/lib_linux/libpca9685.a(pca9685servo.o)
 .text.unlikely
                0x00000000004017b0        0x0 ../lib-pca9685/lib_linux/libpca9685.a(pca9685pwmled.o)
 .text.unlikely
                0x00000000004017b0        0x0 ../lib-pca9685/lib_linux/libpca9685.a(pca9685.o)
 .text.unlikely
                0x00000000004017b0        0x0 ../lib-tlc59711dmx/lib_linux/libtlc59711dmx.a(tlc59711dmxparams.o)
 .text.unlikely._ZN11TLC59711Dmx18GetDmxStartAddressEv
                0x00000000004017b0        0x0 ../lib-tlc59711dmx/lib_linux/libtlc59711dmx.a(tlc59711dmx.o)
 .text.unlikely._ZN11TLC59711Dmx15GetDmxFootprintEv
                0x00000000004017b0        0x0 ../lib-tlc59711dmx/lib_linux/libtlc59711dmx.a(tlc59711dmx.o)
 .text.unlikely
                0x00000000004017b0        0x0 ../lib-tlc59711dmx/lib_linux/libtlc59711dmx.a(tlc59711dmx.o)
 .text.unlikely
                0x00000000004017b0        0x0 ../lib-tlc59711/lib_linux/libtlc59711.a(tlc59711.o)
 .text.unlikely
                0x00000000004017b0        0x0 ../lib-ledblink/lib_linux/libledblink.a(ledblink.o)
 .text.unlikely
                0x00000000004017b0        0x0 ../lib-ledblink/lib_linux/libledblink.a(ledblinklinux.o)
 .text.unlikely._ZN13LightSetChain18GetDmxStartAddressEv
                0x00000000004017b0        0x0 ../lib-lightset/lib_linux/liblightset.a(lightsetchain.o)
 .text.unlikely._ZN13LightSetChain15GetDmxFootprintEv
                0x00000000004017b0        0x0 ../lib-lightset/lib_linux/liblightset.a(lightsetchain.o)
 .text.unlikely
                0x00000000004017b0        0x0 ../lib-lightset/lib_linux/liblightset.a(lightsetchain.o)
 .text.unlikely
                0x00000000004017b0        0x0 ../lib-lightset/lib_linux/liblightset.a(lightset.o)
 .text.unlikely
                0x00000000004017b0        0x0 ../lib-hal/lib_linux/libhal.a(hardware.o)
 .text.unlikely
                0x00000000004017b0        0x0 ../lib-hal/lib_linux/libhal.a(hardwarelinux.o)
 .text.unlikely._ZN13HardwareLinux7GetTimeEv
                0x00000000004017b0        0x0 ../lib-hal/lib_linux/libhal.a(hardwarelinux.o)
 .text.unlikely
                0x00000000004017b0        0x0 ../lib-network/lib_linux/libnetwork.a(network.o)
 .text.unlikely
                0x00000000004017b0        0x0 ../lib-network/lib_linux/libnetwork.a(networklinux.o)
 .text.unlikely
                0x00000000004017b0        0x0 ../lib-properties/lib_linux/libproperties.a(sscan_uint8_t.o)
 .text.unlikely
                0x00000000004017b0        0x0 ../lib-properties/lib_linux/libproperties.a(sscan_float.o)
 .text.unlikely
                0x00000000004017b0        0x0 ../lib-properties/lib_linux/libproperties.a(sscan_char_p.o)
 .text.unlikely
                0x00000000004017b0        0x0 ../lib-properties/lib_linux/libproperties.a(sscan_uint32_t.o)
 .text.unlikely
                0x00000000004017b0        0x0 ../lib-properties/lib_linux/libproperties.a(sscan_hexuint16.o)
 .text.unlikely
                0x00000000004017b0        0x0 ../lib-properties/lib_linux/libproperties.a(sscan_uint16_t.o)
 .text.unlikely
                0x00000000004017b0        0x0 ../lib-properties/lib_linux/libproperties.a(sscan_i2c_address.o)
 .text.unlikely
                0x00000000004017b0        0x0 ../lib-properties/lib_linux/libproperties.a(readconfigfile.o)
 .text.unlikely
                0x00000000004017b0        0x0 ../lib-properties/lib_linux/libproperties.a(parse.o)
 .text.unlikely
                0x00000000004017b0        0x0 /usr/lib/x86_64-linux-gnu/libc_nonshared.a(elf-init.oS)
 *(.text.exit .text.exit.*)
 *(.text.startup .text.startup.*)
 .text.startup  0x00000000004017b0      0x566 build_linux/src/main.o
                0x00000000004017b0                main
 *(.text.hot .text.hot.*)
 *(.text .stub .text.* .gnu.linkonce.t.*)
 *fill*         0x0000000000401d16        0xa 
 .text          0x0000000000401d20       0x2a /usr/lib/gcc/x86_64-linux-gnu/5/../../../x86_64-linux-gnu/crt1.o
                0x0000000000401d20                _start
 .text          0x0000000000401d4a        0x0 /usr/lib/gcc/x86_64-linux-gnu/5/../../../x86_64-linux-gnu/crti.o
 *fill*         0x0000000000401d4a        0x6 
 .text          0x0000000000401d50       0xc6 /usr/lib/gcc/x86_64-linux-gnu/5/crtbegin.o
 .text          0x0000000000401e16        0x0 build_linux/src/main.o
 *fill*         0x0000000000401e16        0xa 
 .text          0x0000000000401e20       0x62 build_linux/lib/identify.o
                0x0000000000401e20                Identify::SetMode(TRdmIdentifyMode)
                0x0000000000401e30                Identify::~Identify()
                0x0000000000401e30                Identify::~Identify()
                0x0000000000401e40                Identify::~Identify()
                0x0000000000401e60                Identify::Identify()
                0x0000000000401e60                Identify::Identify()
                0x0000000000401e80                Identify::Run()
 *fill*         0x0000000000401e82        0xe 
 .text          0x0000000000401e90       0xcc build_linux/lib/ipprog.o
                0x0000000000401e90                IpProg::~IpProg()
                0x0000000000401e90                IpProg::~IpProg()
                0x0000000000401ea0                IpProg::~IpProg()
                0x0000000000401ec0                IpProg::Handler(TArtNetIpProg const*, TArtNetIpProgReply*)
                0x0000000000401f40                IpProg::IpProg()
                0x0000000000401f40                IpProg::IpProg()
 *fill*         0x0000000000401f5c        0x4 
 .text          0x0000000000401f60       0x26 build_linux/lib/rdmsoftwareversion.o
                0x0000000000401f60                RDMSoftwareVersion::GetVersion()
                0x0000000000401f70                RDMSoftwareVersion::GetVersionLength()
                0x0000000000401f80                RDMSoftwareVersion::GetVersionId()
 *fill*         0x0000000000401f86        0xa 
 .text          0x0000000000401f90      0x236 ../lib-rdmresponder/lib_linux/librdmresponder.a(artnetrdmresponder.o)
                0x0000000000401f90                ArtNetRdmResponder::Full()
                0x0000000000401fa0                ArtNetRdmResponder::GetUidCount()
                0x0000000000401fb0                ArtNetRdmResponder::~ArtNetRdmResponder()
                0x0000000000401fb0                ArtNetRdmResponder::~ArtNetRdmResponder()
                0x0000000000402020                ArtNetRdmResponder::Copy(unsigned char*)
                0x0000000000402060                ArtNetRdmResponder::Handler(unsigned char const*)
                0x00000000004020b0                ArtNetRdmResponder::~ArtNetRdmResponder()
                0x0000000000402120                ArtNetRdmResponder::ArtNetRdmResponder(RDMPersonality*, LightSet*)
                0x0000000000402120                ArtNetRdmResponder::ArtNetRdmResponder(RDMPersonality*, LightSet*)
 *fill*         0x00000000004021c6        0xa 
 .text          0x00000000004021d0      0x1df ../lib-rdm/lib_linux/librdm.a(rdmmessageprint.o)
                0x00000000004021d0                RDMMessage::Print(unsigned char const*)
 *fill*         0x00000000004023af        0x1 
 .text          0x00000000004023b0     0x1456 ../lib-rdm/lib_linux/librdm.a(rdmdeviceresponder.o)
                0x00000000004023b0                RDMDeviceResponder::RDMDeviceResponder(RDMPersonality*, LightSet*, bool)
                0x00000000004023b0                RDMDeviceResponder::RDMDeviceResponder(RDMPersonality*, LightSet*, bool)
                0x0000000000402a90                RDMDeviceResponder::~RDMDeviceResponder()
                0x0000000000402a90                RDMDeviceResponder::~RDMDeviceResponder()
                0x0000000000402b00                RDMDeviceResponder::GetDmxFootPrint(unsigned short)
                0x0000000000402b30                RDMDeviceResponder::GetDmxStartAddress(unsigned short)
                0x0000000000402b60                RDMDeviceResponder::SetDmxStartAddress(unsigned short, unsigned short)
                0x0000000000402bc0                RDMDeviceResponder::GetPersonalityCount(unsigned short)
                0x0000000000402be0                RDMDeviceResponder::GetPersonalityCurrent(unsigned short)
                0x0000000000402c00                RDMDeviceResponder::SetPersonalityCurrent(unsigned short, unsigned char)
                0x0000000000402c30                RDMDeviceResponder::GetPersonality(unsigned short, unsigned char)
                0x0000000000402c60                RDMDeviceResponder::GetSubDeviceCount()
                0x0000000000402c80                RDMDeviceResponder::GetSensorCount(unsigned short)
                0x0000000000402c90                RDMDeviceResponder::GetSensorDefinition(unsigned char)
                0x0000000000402ca0                RDMDeviceResponder::GetSensorValues(unsigned char)
                0x0000000000402cb0                RDMDeviceResponder::SetSensorValues(unsigned char)
                0x0000000000402cc0                RDMDeviceResponder::SetSensorRecord(unsigned char)
                0x0000000000402cd0                RDMDeviceResponder::GetSlotInfo(unsigned short, unsigned short, TLightSetSlotInfo&)
                0x0000000000402d00                RDMDeviceResponder::GetDeviceInfo(unsigned short)
                0x0000000000402d80                RDMDeviceResponder::SetLabel(unsigned short, unsigned char const*, unsigned char)
                0x0000000000402df0                RDMDeviceResponder::GetLabel(unsigned short, TRDMDeviceInfoData*)
                0x0000000000402e10                RDMDeviceResponder::SetLanguage(char const*)
                0x0000000000402e30                RDMDeviceResponder::CalculateChecksum()
                0x0000000000403280                RDMDeviceResponder::GetFactoryDefaults()
                0x0000000000403710                RDMDeviceResponder::SetFactoryDefaults()
 *fill*         0x0000000000403806        0xa 
 .text          0x0000000000403810       0xf9 ../lib-rdm/lib_linux/librdm.a(rdmpersonality.o)
                0x0000000000403810                RDMPersonality::RDMPersonality(char const*, unsigned short)
                0x0000000000403810                RDMPersonality::RDMPersonality(char const*, unsigned short)
                0x0000000000403850                RDMPersonality::~RDMPersonality()
                0x0000000000403850                RDMPersonality::~RDMPersonality()
                0x0000000000403860                RDMPersonality::GetSlots() const
                0x0000000000403870                RDMPersonality::GetDescription() const
                0x0000000000403880                RDMPersonality::SetDescription(char const*)
                0x00000000004038b0                RDMPersonality::GetDescriptionLength() const
                0x00000000004038c0                RDMPersonality::CopyTo(char*, unsigned char&)
 *fill*         0x0000000000403909        0x7 
 .text          0x0000000000403910     0x8011 ../lib-rdm/lib_linux/librdm.a(rdmhandler.o)
                0x0000000000403eb0                RDMHandler::GetSupportedParameters(unsigned short)
                0x0000000000403f60                RDMHandler::GetDeviceModelDescription(unsigned short)
                0x0000000000404360                RDMHandler::GetManufacturerLabel(unsigned short)
                0x0000000000404760                RDMHandler::GetDeviceLabel(unsigned short)
                0x0000000000404b60                RDMHandler::GetSoftwareVersionLabel(unsigned short)
                0x0000000000404f10                RDMHandler::GetBootSoftwareVersionLabel(unsigned short)
                0x0000000000405320                RDMHandler::GetPersonalityDescription(unsigned short)
                0x0000000000405420                RDMHandler::GetSensorDefinition(unsigned short)
                0x0000000000405540                RDMHandler::GetSensorValue(unsigned short)
                0x0000000000405630                RDMHandler::SetSensorValue(bool, unsigned short)
                0x0000000000405790                RDMHandler::SetRecordSensors(bool, unsigned short)
                0x0000000000405840                RDMHandler::SetResetDevice(bool, unsigned short)
                0x00000000004058a0                RDMHandler::GetSlotInfo(unsigned short)
                0x00000000004059a0                RDMHandler::GetSlotDescription(unsigned short)
                0x0000000000405f70                RDMHandler::SetDeviceHours(bool, unsigned short)
                0x0000000000406240                RDMHandler::GetPowerState(unsigned short)
                0x0000000000406520                RDMHandler::GetQueuedMessage(unsigned short)
                0x0000000000406820                RDMHandler::GetIdentifyMode(unsigned short)
                0x0000000000406b10                RDMHandler::GetIdentifyDevice(unsigned short)
                0x0000000000406e00                RDMHandler::GetFactoryDefaults(unsigned short)
                0x00000000004070f0                RDMHandler::GetLanguage(unsigned short)
                0x00000000004073f0                RDMHandler::GetProductDetailIdList(unsigned short)
                0x00000000004076e0                RDMHandler::GetDmxStartAddress(unsigned short)
                0x00000000004079f0                RDMHandler::GetDeviceInfo(unsigned short)
                0x0000000000407d20                RDMHandler::GetPersonality(unsigned short)
                0x0000000000408040                RDMHandler::GetDeviceHours(unsigned short)
                0x0000000000408390                RDMHandler::GetRealTimeClock(unsigned short)
                0x0000000000408700                RDMHandler::SetPersonality(bool, unsigned short)
                0x0000000000408a60                RDMHandler::GetBootSoftwareVersionId(unsigned short)
                0x0000000000408dc0                RDMHandler::SetLanguage(bool, unsigned short)
                0x0000000000409100                RDMHandler::SetFactoryDefaults(bool, unsigned short)
                0x0000000000409430                RDMHandler::SetDeviceLabel(bool, unsigned short)
                0x0000000000409750                RDMHandler::SetIdentifyDevice(bool, unsigned short)
                0x0000000000409ad0                RDMHandler::SetDmxStartAddress(bool, unsigned short)
                0x0000000000409e10                RDMHandler::SetIdentifyMode(bool, unsigned short)
                0x000000000040a160                RDMHandler::SetPowerState(bool, unsigned short)
                0x000000000040a4a0                RDMHandler::SetRealTimeClock(bool, unsigned short)
                0x000000000040a840                RDMHandler::HandleString(char const*, unsigned char)
                0x000000000040abc0                RDMHandler::CreateRespondMessage(unsigned char, unsigned short)
                0x000000000040aed0                RDMHandler::RespondMessageAck()
                0x000000000040b1b0                RDMHandler::RespondMessageNack(unsigned short)
                0x000000000040b4a0                RDMHandler::RDMHandler(RDMDeviceResponder*)
                0x000000000040b4a0                RDMHandler::RDMHandler(RDMDeviceResponder*)
                0x000000000040b4d0                RDMHandler::~RDMHandler()
                0x000000000040b4d0                RDMHandler::~RDMHandler()
                0x000000000040b4e0                RDMHandler::Handlers(bool, unsigned char, unsigned short, unsigned char, unsigned short)
                0x000000000040b620                RDMHandler::HandleData(unsigned char const*, unsigned char*)
 *fill*         0x000000000040b921        0xf 
 .text          0x000000000040b930      0x6cd ../lib-rdm/lib_linux/librdm.a(rdmdevice.o)
                0x000000000040b930                RDMDevice::staticCallbackFunction(void*, char const*)
                0x000000000040bab0                RDMDevice::callbackFunction(char const*)
                0x000000000040bc30                RDMDevice::RDMDevice()
                0x000000000040bc30                RDMDevice::RDMDevice()
                0x000000000040bd30                RDMDevice::~RDMDevice()
                0x000000000040bd30                RDMDevice::~RDMDevice()
                0x000000000040bd40                RDMDevice::GetLabel(TRDMDeviceInfoData*)
                0x000000000040bd50                RDMDevice::SetLabel(TRDMDeviceInfoData const*)
                0x000000000040be00                RDMDevice::GetManufacturerId(TRDMDeviceInfoData*)
                0x000000000040be20                RDMDevice::SetManufacturerId(TRDMDeviceInfoData const*)
                0x000000000040be50                RDMDevice::GetUID() const
                0x000000000040be60                RDMDevice::GetSN() const
                0x000000000040be70                RDMDevice::GetManufacturerName(TRDMDeviceInfoData*)
                0x000000000040be80                RDMDevice::SetManufacturerName(TRDMDeviceInfoData const*)
                0x000000000040bf30                RDMDevice::GetProductCategory() const
                0x000000000040bf40                RDMDevice::GetProductDetail() const
                0x000000000040bf50                RDMDevice::Load()
                0x000000000040bfd0                RDMDevice::Dump()
                0x000000000040bfe0                RDMDevice::GetExtMonLevel() const
                0x000000000040bff0                RDMDevice::isMaskSet(unsigned short)
 *fill*         0x000000000040bffd        0x3 
 .text          0x000000000040c000       0xbb ../lib-rdm/lib_linux/librdm.a(rdmidentify.o)
                0x000000000040c000                RDMIdentify::RDMIdentify()
                0x000000000040c000                RDMIdentify::RDMIdentify()
                0x000000000040c020                RDMIdentify::~RDMIdentify()
                0x000000000040c020                RDMIdentify::~RDMIdentify()
                0x000000000040c030                RDMIdentify::~RDMIdentify()
                0x000000000040c040                RDMIdentify::On()
                0x000000000040c070                RDMIdentify::Off()
                0x000000000040c0a0                RDMIdentify::IsEnabled()
 *fill*         0x000000000040c0bb        0x5 
 .text          0x000000000040c0c0      0x17e ../lib-rdm/lib_linux/librdm.a(rdmdeviceresponderprint.o)
                0x000000000040c0c0                RDMDeviceResponder::Print()
 *fill*         0x000000000040c23e        0x2 
 .text          0x000000000040c240      0x19f ../lib-rdm/lib_linux/librdm.a(rdmslotinfo.o)
                0x000000000040c240                RDMSlotInfo::RDMSlotInfo()
                0x000000000040c240                RDMSlotInfo::RDMSlotInfo()
                0x000000000040c250                RDMSlotInfo::~RDMSlotInfo()
                0x000000000040c250                RDMSlotInfo::~RDMSlotInfo()
                0x000000000040c260                RDMSlotInfo::GetTypeText(unsigned char, unsigned char&)
                0x000000000040c2e0                RDMSlotInfo::GetCategoryText(unsigned short, unsigned char&)
                0x000000000040c380                RDMSlotInfo::bsearch(unsigned short)
 *fill*         0x000000000040c3df        0x1 
 .text          0x000000000040c3e0      0x273 ../lib-rdm/lib_linux/librdm.a(rdmqueuedmessage.o)
                0x000000000040c3e0                RDMQueuedMessage::RDMQueuedMessage()
                0x000000000040c3e0                RDMQueuedMessage::RDMQueuedMessage()
                0x000000000040c400                RDMQueuedMessage::~RDMQueuedMessage()
                0x000000000040c400                RDMQueuedMessage::~RDMQueuedMessage()
                0x000000000040c410                RDMQueuedMessage::Copy(TRdmMessage*, unsigned char)
                0x000000000040c480                RDMQueuedMessage::GetMessageCount() const
                0x000000000040c490                RDMQueuedMessage::Handler(unsigned char*)
                0x000000000040c5a0                RDMQueuedMessage::Add(TRdmQueuedMessage const*)
 *fill*         0x000000000040c653        0xd 
 .text          0x000000000040c660      0x27b ../lib-rdmsensor/lib_linux/librdmsensor.a(rdmsensors.o)
                0x000000000040c660                RDMSensors::RDMSensors()
                0x000000000040c660                RDMSensors::RDMSensors()
                0x000000000040c680                RDMSensors::~RDMSensors()
                0x000000000040c680                RDMSensors::~RDMSensors()
                0x000000000040c6f0                RDMSensors::Add(RDMSensor*)
                0x000000000040c750                RDMSensors::GetCount() const
                0x000000000040c760                RDMSensors::GetDefintion(unsigned char)
                0x000000000040c770                RDMSensors::GetValues(unsigned char)
                0x000000000040c780                RDMSensors::SetSensorValues(unsigned char)
                0x000000000040c7e0                RDMSensors::SetSensorRecord(unsigned char)
                0x000000000040c840                RDMSensors::staticCallbackFunction(void*, char const*)
                0x000000000040c850                RDMSensors::callbackFunction(char const*)
                0x000000000040c860                RDMSensors::Init()
 *fill*         0x000000000040c8db        0x5 
 .text          0x000000000040c8e0      0x191 ../lib-rdmsensor/lib_linux/librdmsensor.a(rdmsensor.o)
                0x000000000040c8e0                RDMSensor::RDMSensor(unsigned char)
                0x000000000040c8e0                RDMSensor::RDMSensor(unsigned char)
                0x000000000040c910                RDMSensor::~RDMSensor()
                0x000000000040c910                RDMSensor::~RDMSensor()
                0x000000000040c920                RDMSensor::~RDMSensor()
                0x000000000040c930                RDMSensor::SetType(unsigned char)
                0x000000000040c940                RDMSensor::SetUnit(unsigned char)
                0x000000000040c950                RDMSensor::SetPrefix(unsigned char)
                0x000000000040c960                RDMSensor::SetRangeMin(unsigned short)
                0x000000000040c970                RDMSensor::SetRangeMax(unsigned short)
                0x000000000040c980                RDMSensor::SetNormalMin(unsigned short)
                0x000000000040c990                RDMSensor::SetNormalMax(unsigned short)
                0x000000000040c9a0                RDMSensor::SetDescription(char const*)
                0x000000000040c9e0                RDMSensor::GetValues()
                0x000000000040ca20                RDMSensor::SetValues()
                0x000000000040ca40                RDMSensor::Record()
 *fill*         0x000000000040ca71        0xf 
 .text          0x000000000040ca80       0xf5 ../lib-rdmsensor/lib_linux/librdmsensor.a(cputemperature.o)
                0x000000000040ca80                CpuTemperature::Initialize()
                0x000000000040ca90                CpuTemperature::GetValue()
                0x000000000040cab0                CpuTemperature::~CpuTemperature()
                0x000000000040cab0                CpuTemperature::~CpuTemperature()
                0x000000000040cac0                CpuTemperature::~CpuTemperature()
                0x000000000040cae0                CpuTemperature::CpuTemperature(unsigned char)
                0x000000000040cae0                CpuTemperature::CpuTemperature(unsigned char)
 *fill*         0x000000000040cb75        0xb 
 .text          0x000000000040cb80      0x412 ../lib-rdmsubdevice/lib_linux/librdmsubdevice.a(rdmsubdevices.o)
                0x000000000040cb80                RDMSubDevices::RDMSubDevices()
                0x000000000040cb80                RDMSubDevices::RDMSubDevices()
                0x000000000040cba0                RDMSubDevices::~RDMSubDevices()
                0x000000000040cba0                RDMSubDevices::~RDMSubDevices()
                0x000000000040cc10                RDMSubDevices::Init()
                0x000000000040cc20                RDMSubDevices::Add(RDMSubDevice*)
                0x000000000040cc80                RDMSubDevices::GetCount() const
                0x000000000040cc90                RDMSubDevices::GetInfo(unsigned short)
                0x000000000040cca0                RDMSubDevices::GetLabel(unsigned short, TRDMDeviceInfoData*)
                0x000000000040ccc0                RDMSubDevices::SetLabel(unsigned short, unsigned char const*, unsigned char)
                0x000000000040cce0                RDMSubDevices::GetDmxStartAddress(unsigned short)
                0x000000000040ccf0                RDMSubDevices::SetDmxStartAddress(unsigned short, unsigned short)
                0x000000000040cd30                RDMSubDevices::GetDmxFootPrint(unsigned short)
                0x000000000040cd40                RDMSubDevices::GetPersonalityCurrent(unsigned short)
                0x000000000040cd50                RDMSubDevices::SetPersonalityCurrent(unsigned short, unsigned char)
                0x000000000040cd90                RDMSubDevices::GetPersonalityCount(unsigned short)
                0x000000000040cda0                RDMSubDevices::GetPersonality(unsigned short, unsigned char)
                0x000000000040cdc0                RDMSubDevices::Start()
                0x000000000040ce10                RDMSubDevices::Stop()
                0x000000000040ce60                RDMSubDevices::SetData(unsigned char const*, unsigned short)
                0x000000000040cee0                RDMSubDevices::GetFactoryDefaults()
                0x000000000040cf30                RDMSubDevices::SetFactoryDefaults()
                0x000000000040cf80                RDMSubDevices::staticCallbackFunction(void*, char const*)
                0x000000000040cf90                RDMSubDevices::callbackFunction(char const*)
 *fill*         0x000000000040cf92        0xe 
 .text          0x000000000040cfa0      0x932 ../lib-rdmsubdevice/lib_linux/librdmsubdevice.a(rdmsubdevice.o)
                0x000000000040cfa0                RDMSubDevice::RDMSubDevice(char const*, unsigned short, unsigned char)
                0x000000000040cfa0                RDMSubDevice::RDMSubDevice(char const*, unsigned short, unsigned char)
                0x000000000040d2b0                RDMSubDevice::~RDMSubDevice()
                0x000000000040d2b0                RDMSubDevice::~RDMSubDevice()
                0x000000000040d2c0                RDMSubDevice::~RDMSubDevice()
                0x000000000040d2d0                RDMSubDevice::SetDmxStartAddress(unsigned short)
                0x000000000040d2e0                RDMSubDevice::SetDmxFootprint(unsigned short)
                0x000000000040d2f0                RDMSubDevice::SetPersonalities(RDMPersonality**, unsigned char)
                0x000000000040d300                RDMSubDevice::GetPersonality(unsigned char)
                0x000000000040d310                RDMSubDevice::GetLabel(TRDMDeviceInfoData*)
                0x000000000040d320                RDMSubDevice::SetLabel(char const*)
                0x000000000040d360                RDMSubDevice::SetLabel(char const*, unsigned char)
                0x000000000040d390                RDMSubDevice::SetPersonalityCurrent(unsigned char)
                0x000000000040d3a0                RDMSubDevice::GetFactoryDefaults()
                0x000000000040d630                RDMSubDevice::SetFactoryDefaults()
                0x000000000040d680                RDMSubDevice::CalculateChecksum()
 *fill*         0x000000000040d8d2        0xe 
 .text          0x000000000040d8e0     0x5142 ../lib-artnet/lib_linux/libartnet.a(artnetnode.o)
                0x000000000040d950                ArtNetNode::ArtNetNode()
                0x000000000040d950                ArtNetNode::ArtNetNode()
                0x000000000040dd70                ArtNetNode::~ArtNetNode()
                0x000000000040dd70                ArtNetNode::~ArtNetNode()
                0x000000000040ddd0                ArtNetNode::Stop()
                0x000000000040de10                ArtNetNode::SetOutput(LightSet*)
                0x000000000040de20                ArtNetNode::GetDirectUpdate() const
                0x000000000040de30                ArtNetNode::SetDirectUpdate(bool)
                0x000000000040de40                ArtNetNode::GetSoftwareVersion()
                0x000000000040de50                ArtNetNode::GetActiveOutputPorts() const
                0x000000000040de60                ArtNetNode::GetActiveInputPorts() const
                0x000000000040de70                ArtNetNode::GetUniverseSwitch(unsigned char) const
                0x000000000040dea0                ArtNetNode::SetUniverseSwitch(unsigned char, TArtNetPortDir, unsigned char)
                0x000000000040df30                ArtNetNode::GetSubnetSwitch() const
                0x000000000040df40                ArtNetNode::SetSubnetSwitch(unsigned char)
                0x000000000040dfb0                ArtNetNode::GetNetSwitch() const
                0x000000000040dfc0                ArtNetNode::SetNetSwitch(unsigned char)
                0x000000000040e030                ArtNetNode::GetShortName()
                0x000000000040e040                ArtNetNode::SetShortName(char const*)
                0x000000000040e0b0                ArtNetNode::GetLongName()
                0x000000000040e0c0                ArtNetNode::SetLongName(char const*)
                0x000000000040e180                ArtNetNode::SetManufacturerId(unsigned char const*)
                0x000000000040e1a0                ArtNetNode::GetManufacturerId()
                0x000000000040e1b0                ArtNetNode::SetOemValue(unsigned char const*)
                0x000000000040e1c0                ArtNetNode::GetOemValue()
                0x000000000040e1d0                ArtNetNode::GetNetworkTimeout() const
                0x000000000040e1e0                ArtNetNode::SetNetworkTimeout(long)
                0x000000000040e1f0                ArtNetNode::MakePortAddress(unsigned short)
                0x000000000040e210                ArtNetNode::FillPollReply()
                0x000000000040e3a0                ArtNetNode::Start()
                0x000000000040e620                ArtNetNode::FillDiagData()
                0x000000000040e680                ArtNetNode::FillTimeCodeData()
                0x000000000040e6c0                ArtNetNode::GetType()
                0x000000000040e730                ArtNetNode::SendPollRelply(bool)
                0x000000000040e870                ArtNetNode::SendDiag(char const*, TPriorityCodes)
                0x000000000040e900                ArtNetNode::IsDmxDataChanged(unsigned char, unsigned char const*, unsigned short)
                0x000000000040ed20                ArtNetNode::IsMergedDmxDataChanged(unsigned char, unsigned char const*, unsigned short)
                0x000000000040f8a0                ArtNetNode::CheckMergeTimeouts(unsigned char)
                0x000000000040f930                ArtNetNode::HandlePoll()
                0x000000000040fb00                ArtNetNode::HandleDmx()
                0x0000000000410d70                ArtNetNode::HandleSync()
                0x0000000000410f00                ArtNetNode::HandleAddress()
                0x0000000000411a10                ArtNetNode::HandleTimeCode()
                0x0000000000411a30                ArtNetNode::SetTimeCodeHandler(ArtNetTimeCode*)
                0x0000000000411a40                ArtNetNode::SendTimeCode(TArtNetTimeCode const*)
                0x0000000000411ab0                ArtNetNode::HandleTimeSync()
                0x0000000000411b10                ArtNetNode::SetTimeSyncHandler(ArtNetTimeSync*)
                0x0000000000411b20                ArtNetNode::HandleTodControl()
                0x0000000000411c30                ArtNetNode::HandleTodRequest()
                0x0000000000411d00                ArtNetNode::SendTod()
                0x0000000000411db0                ArtNetNode::HandleRdm()
                0x0000000000411f10                ArtNetNode::SetRdmHandler(ArtNetRdm*, bool)
                0x0000000000411f90                ArtNetNode::HandleIpProg()
                0x0000000000412150                ArtNetNode::SetIpProgHandler(ArtNetIpProg*)
                0x00000000004121b0                ArtNetNode::SetNetworkDataLossCondition()
                0x0000000000412270                ArtNetNode::HandlePacket()
 *fill*         0x0000000000412a22        0xe 
 .text          0x0000000000412a30       0xc0 ../lib-artnet/lib_linux/libartnet.a(artnetnodeprint.o)
                0x0000000000412a30                ArtNetNode::Print()
 .text          0x0000000000412af0       0x15 ../lib-artnet/lib_linux/libartnet.a(artnetrdm.o)
                0x0000000000412af0                ArtNetRdm::~ArtNetRdm()
                0x0000000000412af0                ArtNetRdm::~ArtNetRdm()
                0x0000000000412b00                ArtNetRdm::~ArtNetRdm()
 *fill*         0x0000000000412b05        0xb 
 .text          0x0000000000412b10      0xaf0 ../lib-artnet/lib_linux/libartnet.a(artnetparams.o)
                0x0000000000412b10                ArtNetParams::ArtNetParams()
                0x0000000000412b10                ArtNetParams::ArtNetParams()
                0x0000000000412b80                ArtNetParams::~ArtNetParams()
                0x0000000000412b80                ArtNetParams::~ArtNetParams()
                0x0000000000412b90                ArtNetParams::GetOutputType() const
                0x0000000000412ba0                ArtNetParams::GetNet() const
                0x0000000000412bb0                ArtNetParams::GetSubnet() const
                0x0000000000412bc0                ArtNetParams::GetUniverse() const
                0x0000000000412bd0                ArtNetParams::IsUseTimeCode() const
                0x0000000000412be0                ArtNetParams::IsUseTimeSync() const
                0x0000000000412bf0                ArtNetParams::IsRdm() const
                0x0000000000412c00                ArtNetParams::IsRdmDiscovery() const
                0x0000000000412c10                ArtNetParams::GetShortName() const
                0x0000000000412c20                ArtNetParams::GetLongName() const
                0x0000000000412c30                ArtNetParams::GetManufacturerId() const
                0x0000000000412c40                ArtNetParams::GetNetworkTimeout() const
                0x0000000000412c50                ArtNetParams::Load()
                0x0000000000412cd0                ArtNetParams::Set(ArtNetNode*)
                0x0000000000412de0                ArtNetParams::Dump()
                0x0000000000412df0                ArtNetParams::isMaskSet(unsigned short) const
                0x0000000000412e00                ArtNetParams::HexUint16(char const*) const
                0x0000000000412f00                ArtNetParams::callbackFunction(char const*)
                0x0000000000413280                ArtNetParams::staticCallbackFunction(void*, char const*)
 .text          0x0000000000413600       0x15 ../lib-artnet/lib_linux/libartnet.a(artnetipprog.o)
                0x0000000000413600                ArtNetIpProg::~ArtNetIpProg()
                0x0000000000413600                ArtNetIpProg::~ArtNetIpProg()
                0x0000000000413610                ArtNetIpProg::~ArtNetIpProg()
 *fill*         0x0000000000413615        0xb 
 .text          0x0000000000413620      0x9ff ../lib-l6470dmx/lib_linux/libl6470dmx.a(sparkfundmx.o)
                0x0000000000413620                SparkFunDmx::SetDmxStartAddress(unsigned short)
                0x00000000004136b0                SparkFunDmx::~SparkFunDmx()
                0x00000000004136b0                SparkFunDmx::~SparkFunDmx()
                0x0000000000413780                SparkFunDmx::~SparkFunDmx()
                0x00000000004137a0                SparkFunDmx::Start()
                0x00000000004137d0                SparkFunDmx::Stop()
                0x0000000000413800                SparkFunDmx::SetData(unsigned char, unsigned char const*, unsigned short)
                0x0000000000413850                SparkFunDmx::staticCallbackFunction(void*, char const*)
                0x00000000004139b0                SparkFunDmx::callbackFunction(char const*)
                0x0000000000413b10                SparkFunDmx::SparkFunDmx()
                0x0000000000413b10                SparkFunDmx::SparkFunDmx()
                0x0000000000413c40                SparkFunDmx::ReadConfigFiles()
 *fill*         0x000000000041401f        0x1 
 .text._ZN11SparkFunDmx18GetDmxStartAddressEv
                0x0000000000414020        0x8 ../lib-l6470dmx/lib_linux/libl6470dmx.a(sparkfundmx.o)
                0x0000000000414020                SparkFunDmx::GetDmxStartAddress()
 *fill*         0x0000000000414028        0x8 
 .text._ZN11SparkFunDmx15GetDmxFootprintEv
                0x0000000000414030        0x8 ../lib-l6470dmx/lib_linux/libl6470dmx.a(sparkfundmx.o)
                0x0000000000414030                SparkFunDmx::GetDmxFootprint()
 *fill*         0x0000000000414038        0x8 
 .text          0x0000000000414040     0x1395 ../lib-l6470dmx/lib_linux/libl6470dmx.a(slushdmx.o)
                0x0000000000414040                SlushDmx::SetDmxStartAddress(unsigned short)
                0x00000000004140f0                SlushDmx::~SlushDmx()
                0x00000000004140f0                SlushDmx::~SlushDmx()
                0x0000000000414290                SlushDmx::~SlushDmx()
                0x00000000004142b0                SlushDmx::Start()
                0x00000000004142f0                SlushDmx::Stop()
                0x0000000000414330                SlushDmx::GetSlotInfo(unsigned short, TLightSetSlotInfo&)
                0x0000000000414510                SlushDmx::SetData(unsigned char, unsigned char const*, unsigned short)
                0x0000000000414690                SlushDmx::staticCallbackFunction(void*, char const*)
                0x00000000004148c0                SlushDmx::callbackFunction(char const*)
                0x0000000000414af0                SlushDmx::SlushDmx(bool)
                0x0000000000414af0                SlushDmx::SlushDmx(bool)
                0x0000000000414cd0                SlushDmx::ReadConfigFiles()
                0x0000000000415260                SlushDmx::UpdateIOPorts(unsigned char const*, unsigned short)
                0x00000000004153c0                SlushDmx::GetUseSpiBusy() const
                0x00000000004153d0                SlushDmx::SetUseSpiBusy(bool)
 *fill*         0x00000000004153d5        0xb 
 .text._ZN8SlushDmx18GetDmxStartAddressEv
                0x00000000004153e0        0x8 ../lib-l6470dmx/lib_linux/libl6470dmx.a(slushdmx.o)
                0x00000000004153e0                SlushDmx::GetDmxStartAddress()
 *fill*         0x00000000004153e8        0x8 
 .text._ZN8SlushDmx15GetDmxFootprintEv
                0x00000000004153f0        0x8 ../lib-l6470dmx/lib_linux/libl6470dmx.a(slushdmx.o)
                0x00000000004153f0                SlushDmx::GetDmxFootprint()
 *fill*         0x00000000004153f8        0x8 
 .text          0x0000000000415400      0x4fd ../lib-l6470dmx/lib_linux/libl6470dmx.a(modeparams.o)
                0x0000000000415400                ModeParams::staticCallbackFunction(void*, char const*)
                0x0000000000415600                ModeParams::ModeParams(char const*)
                0x0000000000415600                ModeParams::ModeParams(char const*)
                0x0000000000415680                ModeParams::~ModeParams()
                0x0000000000415680                ModeParams::~ModeParams()
                0x0000000000415690                ModeParams::GetMaxSteps() const
                0x00000000004156a0                ModeParams::GetSwitchAction() const
                0x00000000004156b0                ModeParams::GetSwitchDir() const
                0x00000000004156c0                ModeParams::GetSwitchStepsPerSec() const
                0x00000000004156d0                ModeParams::HasSwitch() const
                0x00000000004156e0                ModeParams::Dump()
                0x00000000004156f0                ModeParams::callbackFunction(char const*)
                0x00000000004158f0                ModeParams::isMaskSet(unsigned short) const
 *fill*         0x00000000004158fd        0x3 
 .text          0x0000000000415900      0x50d ../lib-l6470dmx/lib_linux/libl6470dmx.a(l6470params.o)
                0x0000000000415900                L6470Params::staticCallbackFunction(void*, char const*)
                0x0000000000415a50                L6470Params::L6470Params(char const*)
                0x0000000000415a50                L6470Params::L6470Params(char const*)
                0x0000000000415ae0                L6470Params::~L6470Params()
                0x0000000000415ae0                L6470Params::~L6470Params()
                0x0000000000415af0                L6470Params::callbackFunction(char const*)
                0x0000000000415c40                L6470Params::Set(L6470*)
                0x0000000000415df0                L6470Params::Dump()
                0x0000000000415e00                L6470Params::isMaskSet(unsigned short) const
 *fill*         0x0000000000415e0d        0x3 
 .text          0x0000000000415e10      0x42d ../lib-l6470dmx/lib_linux/libl6470dmx.a(motorparams.o)
                0x0000000000415e10                MotorParams::staticCallbackFunction(void*, char const*)
                0x0000000000415f20                MotorParams::MotorParams(char const*)
                0x0000000000415f20                MotorParams::MotorParams(char const*)
                0x0000000000415fc0                MotorParams::~MotorParams()
                0x0000000000415fc0                MotorParams::~MotorParams()
                0x0000000000415fd0                MotorParams::GetStepAngel()
                0x0000000000415fe0                MotorParams::GetVoltage()
                0x0000000000415ff0                MotorParams::GetCurrent()
                0x0000000000416000                MotorParams::GetResistance()
                0x0000000000416010                MotorParams::GetInductance()
                0x0000000000416020                MotorParams::callbackFunction(char const*)
                0x0000000000416130                MotorParams::Set(L6470*)
                0x00000000004161b0                MotorParams::Dump()
                0x00000000004161c0                MotorParams::calcIntersectSpeed() const
                0x0000000000416210                MotorParams::calcIntersectSpeedReg(float) const
                0x0000000000416230                MotorParams::isMaskSet(unsigned short) const
 *fill*         0x000000000041623d        0x3 
 .text          0x0000000000416240      0x42a ../lib-l6470dmx/lib_linux/libl6470dmx.a(l6470dmxmodes.o)
                0x0000000000416240                L6470DmxModes::L6470DmxModes(TL6470DmxModes, unsigned short, L6470*, MotorParams*, ModeParams*)
                0x0000000000416240                L6470DmxModes::L6470DmxModes(TL6470DmxModes, unsigned short, L6470*, MotorParams*, ModeParams*)
                0x00000000004164a0                L6470DmxModes::~L6470DmxModes()
                0x00000000004164a0                L6470DmxModes::~L6470DmxModes()
                0x00000000004164e0                L6470DmxModes::GetDmxFootPrintMode(unsigned char)
                0x0000000000416500                L6470DmxModes::Start()
                0x0000000000416530                L6470DmxModes::Stop()
                0x0000000000416560                L6470DmxModes::IsDmxDataChanged(unsigned char const*)
                0x00000000004165d0                L6470DmxModes::DmxData(unsigned char const*, unsigned short)
 *fill*         0x000000000041666a        0x6 
 .text          0x0000000000416670      0x156 ../lib-l6470dmx/lib_linux/libl6470dmx.a(l6470dmxmode3.o)
                0x0000000000416670                L6470DmxMode3::Start()
                0x0000000000416670                L6470DmxMode3::Stop()
                0x0000000000416680                L6470DmxMode3::~L6470DmxMode3()
                0x0000000000416680                L6470DmxMode3::~L6470DmxMode3()
                0x0000000000416690                L6470DmxMode3::~L6470DmxMode3()
                0x00000000004166b0                L6470DmxMode3::Data(unsigned char const*)
                0x0000000000416740                L6470DmxMode3::L6470DmxMode3(L6470*, MotorParams*)
                0x0000000000416740                L6470DmxMode3::L6470DmxMode3(L6470*, MotorParams*)
 *fill*         0x00000000004167c6        0xa 
 .text          0x00000000004167d0      0x185 ../lib-l6470dmx/lib_linux/libl6470dmx.a(l6470dmxmode5.o)
                0x00000000004167d0                L6470DmxMode5::Start()
                0x00000000004167d0                L6470DmxMode5::Stop()
                0x00000000004167e0                L6470DmxMode5::~L6470DmxMode5()
                0x00000000004167e0                L6470DmxMode5::~L6470DmxMode5()
                0x00000000004167f0                L6470DmxMode5::~L6470DmxMode5()
                0x0000000000416810                L6470DmxMode5::Data(unsigned char const*)
                0x00000000004168a0                L6470DmxMode5::L6470DmxMode5(L6470*, MotorParams*, ModeParams*)
                0x00000000004168a0                L6470DmxMode5::L6470DmxMode5(L6470*, MotorParams*, ModeParams*)
 *fill*         0x0000000000416955        0xb 
 .text          0x0000000000416960       0xe9 ../lib-l6470dmx/lib_linux/libl6470dmx.a(l6470dmxmode2.o)
                0x0000000000416960                L6470DmxMode2::~L6470DmxMode2()
                0x0000000000416960                L6470DmxMode2::~L6470DmxMode2()
                0x0000000000416970                L6470DmxMode2::~L6470DmxMode2()
                0x0000000000416990                L6470DmxMode2::Start()
                0x00000000004169b0                L6470DmxMode2::Data(unsigned char const*)
                0x00000000004169f0                L6470DmxMode2::Stop()
                0x0000000000416a00                L6470DmxMode2::L6470DmxMode2(L6470*, MotorParams*)
                0x0000000000416a00                L6470DmxMode2::L6470DmxMode2(L6470*, MotorParams*)
 *fill*         0x0000000000416a49        0x7 
 .text          0x0000000000416a50       0x15 ../lib-l6470dmx/lib_linux/libl6470dmx.a(l6470dmxmode.o)
                0x0000000000416a50                L6470DmxMode::~L6470DmxMode()
                0x0000000000416a50                L6470DmxMode::~L6470DmxMode()
                0x0000000000416a60                L6470DmxMode::~L6470DmxMode()
 *fill*         0x0000000000416a65        0xb 
 .text          0x0000000000416a70      0x139 ../lib-l6470dmx/lib_linux/libl6470dmx.a(l6470dmxmode0.o)
                0x0000000000416a70                L6470DmxMode0::~L6470DmxMode0()
                0x0000000000416a70                L6470DmxMode0::~L6470DmxMode0()
                0x0000000000416a80                L6470DmxMode0::~L6470DmxMode0()
                0x0000000000416aa0                L6470DmxMode0::Start()
                0x0000000000416ac0                L6470DmxMode0::Stop()
                0x0000000000416ad0                L6470DmxMode0::Data(unsigned char const*)
                0x0000000000416b60                L6470DmxMode0::L6470DmxMode0(L6470*, MotorParams*)
                0x0000000000416b60                L6470DmxMode0::L6470DmxMode0(L6470*, MotorParams*)
 *fill*         0x0000000000416ba9        0x7 
 .text          0x0000000000416bb0       0xe9 ../lib-l6470dmx/lib_linux/libl6470dmx.a(l6470dmxmode1.o)
                0x0000000000416bb0                L6470DmxMode1::Start()
                0x0000000000416bc0                L6470DmxMode1::~L6470DmxMode1()
                0x0000000000416bc0                L6470DmxMode1::~L6470DmxMode1()
                0x0000000000416bd0                L6470DmxMode1::~L6470DmxMode1()
                0x0000000000416bf0                L6470DmxMode1::Stop()
                0x0000000000416c00                L6470DmxMode1::Data(unsigned char const*)
                0x0000000000416c50                L6470DmxMode1::L6470DmxMode1(L6470*, MotorParams*)
                0x0000000000416c50                L6470DmxMode1::L6470DmxMode1(L6470*, MotorParams*)
 *fill*         0x0000000000416c99        0x7 
 .text          0x0000000000416ca0       0x5c ../lib-l6470dmx/lib_linux/libl6470dmx.a(l6470dmxmode6.o)
                0x0000000000416ca0                L6470DmxMode6::Stop()
                0x0000000000416ca0                L6470DmxMode6::Start()
                0x0000000000416cb0                L6470DmxMode6::Data(unsigned char const*)
                0x0000000000416cc0                L6470DmxMode6::~L6470DmxMode6()
                0x0000000000416cc0                L6470DmxMode6::~L6470DmxMode6()
                0x0000000000416cd0                L6470DmxMode6::~L6470DmxMode6()
                0x0000000000416cf0                L6470DmxMode6::L6470DmxMode6(L6470*, MotorParams*, ModeParams*)
                0x0000000000416cf0                L6470DmxMode6::L6470DmxMode6(L6470*, MotorParams*, ModeParams*)
 *fill*         0x0000000000416cfc        0x4 
 .text          0x0000000000416d00      0x185 ../lib-l6470dmx/lib_linux/libl6470dmx.a(l6470dmxmode4.o)
                0x0000000000416d00                L6470DmxMode4::Start()
                0x0000000000416d00                L6470DmxMode4::Stop()
                0x0000000000416d10                L6470DmxMode4::~L6470DmxMode4()
                0x0000000000416d10                L6470DmxMode4::~L6470DmxMode4()
                0x0000000000416d20                L6470DmxMode4::~L6470DmxMode4()
                0x0000000000416d40                L6470DmxMode4::Data(unsigned char const*)
                0x0000000000416dd0                L6470DmxMode4::L6470DmxMode4(L6470*, MotorParams*, ModeParams*)
                0x0000000000416dd0                L6470DmxMode4::L6470DmxMode4(L6470*, MotorParams*, ModeParams*)
 *fill*         0x0000000000416e85        0xb 
 .text          0x0000000000416e90      0xc5a ../lib-l6470/lib_linux/libl6470.a(slushboard.o)
                0x0000000000416e90                SlushBoard::~SlushBoard()
                0x0000000000416e90                SlushBoard::~SlushBoard()
                0x0000000000416ea0                SlushBoard::InitSpi()
                0x0000000000416ed0                SlushBoard::InitI2c()
                0x0000000000417010                SlushBoard::SlushBoard()
                0x0000000000417010                SlushBoard::SlushBoard()
                0x0000000000417150                SlushBoard::I2cSetup(unsigned char)
                0x0000000000417170                SlushBoard::Mcp23017ReadReg(unsigned char)
                0x00000000004171e0                SlushBoard::Mcp23017WriteReg(unsigned char, unsigned char)
                0x0000000000417240                SlushBoard::setIOState(TSlushIOPorts, TSlushIOPins, unsigned char)
                0x00000000004173d0                SlushBoard::setIOState(unsigned char, unsigned char, unsigned char)
                0x0000000000417550                SlushBoard::getIOState(TSlushIOPorts, TSlushIOPins)
                0x0000000000417650                SlushBoard::getIOState(unsigned char, unsigned char)
                0x0000000000417740                SlushBoard::IOFSel(TSlushIOPorts, TSlushIOPins, TSlushIOFSel)
                0x0000000000417810                SlushBoard::IOClr(TSlushIOPorts, TSlushIOPins)
                0x00000000004178d0                SlushBoard::IOSet(TSlushIOPorts, TSlushIOPins)
                0x0000000000417990                SlushBoard::IOLev(TSlushIOPorts, TSlushIOPins)
                0x0000000000417a20                SlushBoard::IORead(TSlushIOPorts)
                0x0000000000417a90                SlushBoard::IOWrite(TSlushIOPorts, unsigned char)
 *fill*         0x0000000000417aea        0x6 
 .text          0x0000000000417af0      0x265 ../lib-l6470/lib_linux/libl6470.a(autodriver.o)
                0x0000000000417af0                AutoDriver::~AutoDriver()
                0x0000000000417af0                AutoDriver::~AutoDriver()
                0x0000000000417b20                AutoDriver::SPIXfer(unsigned char)
                0x0000000000417be0                AutoDriver::busyCheck()
                0x0000000000417c50                AutoDriver::~AutoDriver()
                0x0000000000417c90                AutoDriver::AutoDriver(unsigned char, unsigned char, unsigned char, unsigned char)
                0x0000000000417c90                AutoDriver::AutoDriver(unsigned char, unsigned char, unsigned char, unsigned char)
                0x0000000000417cf0                AutoDriver::AutoDriver(unsigned char, unsigned char, unsigned char)
                0x0000000000417cf0                AutoDriver::AutoDriver(unsigned char, unsigned char, unsigned char)
                0x0000000000417d50                AutoDriver::IsConnected() const
 *fill*         0x0000000000417d55        0xb 
 .text          0x0000000000417d60      0x5aa ../lib-l6470/lib_linux/libl6470.a(l6470config.o)
                0x0000000000417d60                L6470::configSyncPin(unsigned char, unsigned char)
                0x0000000000417da0                L6470::configStepMode(unsigned char)
                0x0000000000417de0                L6470::getStepMode()
                0x0000000000417e00                L6470::setMaxSpeed(float)
                0x0000000000417e20                L6470::getMaxSpeed()
                0x0000000000417e40                L6470::setMinSpeed(float)
                0x0000000000417e80                L6470::getMinSpeed()
                0x0000000000417ea0                L6470::setFullSpeed(float)
                0x0000000000417ec0                L6470::getFullSpeed()
                0x0000000000417ee0                L6470::setAcc(float)
                0x0000000000417f00                L6470::getAcc()
                0x0000000000417f20                L6470::setDec(float)
                0x0000000000417f40                L6470::getDec()
                0x0000000000417f60                L6470::setOCThreshold(unsigned char)
                0x0000000000417f70                L6470::getOCThreshold()
                0x0000000000417f90                L6470::setPWMFreq(int, int)
                0x0000000000417fd0                L6470::getPWMFreqDivisor()
                0x0000000000417ff0                L6470::getPWMFreqMultiplier()
                0x0000000000418010                L6470::setSlewRate(int)
                0x0000000000418050                L6470::getSlewRate()
                0x0000000000418070                L6470::setOCShutdown(int)
                0x00000000004180b0                L6470::getOCShutdown()
                0x00000000004180d0                L6470::setVoltageComp(int)
                0x0000000000418110                L6470::getVoltageComp()
                0x0000000000418130                L6470::setSwitchMode(int)
                0x0000000000418170                L6470::getSwitchMode()
                0x0000000000418190                L6470::setOscMode(int)
                0x00000000004181d0                L6470::getOscMode()
                0x00000000004181f0                L6470::setAccKVAL(unsigned char)
                0x0000000000418200                L6470::getAccKVAL()
                0x0000000000418220                L6470::setDecKVAL(unsigned char)
                0x0000000000418230                L6470::getDecKVAL()
                0x0000000000418250                L6470::setRunKVAL(unsigned char)
                0x0000000000418260                L6470::getRunKVAL()
                0x0000000000418280                L6470::setHoldKVAL(unsigned char)
                0x0000000000418290                L6470::getHoldKVAL()
                0x00000000004182b0                L6470::setLoSpdOpt(bool)
                0x00000000004182f0                L6470::getLoSpdOpt()
 *fill*         0x000000000041830a        0x6 
 .text          0x0000000000418310        0x2 ../lib-l6470/lib_linux/libl6470.a(l6470dump.o)
                0x0000000000418310                L6470::Dump()
 *fill*         0x0000000000418312        0xe 
 .text          0x0000000000418320      0x478 ../lib-l6470/lib_linux/libl6470.a(l6470commands.o)
                0x0000000000418320                L6470::setParam(TL6470ParamRegisters, unsigned long)
                0x0000000000418350                L6470::getParam(TL6470ParamRegisters)
                0x0000000000418380                L6470::getPos()
                0x00000000004183b0                L6470::getMark()
                0x00000000004183e0                L6470::run(TL6470Direction, float)
                0x0000000000418470                L6470::stepClock(TL6470Direction)
                0x0000000000418480                L6470::move(TL6470Direction, unsigned long)
                0x00000000004184e0                L6470::goTo(long)
                0x0000000000418540                L6470::goToDir(TL6470Direction, long)
                0x00000000004185a0                L6470::goUntil(TL6470Action, TL6470Direction, float)
                0x0000000000418640                L6470::releaseSw(TL6470Action, TL6470Direction)
                0x0000000000418650                L6470::goHome()
                0x0000000000418660                L6470::goMark()
                0x0000000000418670                L6470::setMark(long)
                0x00000000004186a0                L6470::setPos(long)
                0x00000000004186d0                L6470::resetPos()
                0x00000000004186e0                L6470::resetDev()
                0x00000000004186f0                L6470::softStop()
                0x0000000000418700                L6470::hardStop()
                0x0000000000418710                L6470::softHiZ()
                0x0000000000418720                L6470::hardHiZ()
                0x0000000000418730                L6470::getStatus()
 *fill*         0x0000000000418798        0x8 
 .text          0x00000000004187a0      0x107 ../lib-l6470/lib_linux/libl6470.a(l6470.o)
                0x00000000004187a0                L6470::~L6470()
                0x00000000004187a0                L6470::~L6470()
                0x00000000004187b0                L6470::~L6470()
                0x00000000004187c0                L6470::setMicroSteps(unsigned int)
 *fill*         0x00000000004188a7        0x9 
 .text          0x00000000004188b0      0x3b5 ../lib-l6470/lib_linux/libl6470.a(slushmotor.o)
                0x00000000004188b0                SlushMotor::SPIXfer(unsigned char)
                0x0000000000418930                SlushMotor::~SlushMotor()
                0x0000000000418930                SlushMotor::~SlushMotor()
                0x0000000000418960                SlushMotor::~SlushMotor()
                0x0000000000418990                SlushMotor::busyCheck()
                0x0000000000418a00                SlushMotor::SlushMotor(int, bool)
                0x0000000000418a00                SlushMotor::SlushMotor(int, bool)
                0x0000000000418b50                SlushMotor::isBusy()
                0x0000000000418be0                SlushMotor::setAsHome()
                0x0000000000418bf0                SlushMotor::setOverCurrent(unsigned int)
                0x0000000000418c20                SlushMotor::softFree()
                0x0000000000418c30                SlushMotor::free()
                0x0000000000418c40                SlushMotor::IsConnected() const
                0x0000000000418c50                SlushMotor::GetUseSpiBusy() const
                0x0000000000418c60                SlushMotor::SetUseSpiBusy(bool)
 *fill*         0x0000000000418c65        0xb 
 .text          0x0000000000418c70      0x509 ../lib-l6470/lib_linux/libl6470.a(l6470support.o)
                0x0000000000418c70                L6470::accCalc(float)
                0x0000000000418ca0                L6470::accParse(unsigned long)
                0x0000000000418cc0                L6470::decCalc(float)
                0x0000000000418cf0                L6470::decParse(unsigned long)
                0x0000000000418d10                L6470::maxSpdCalc(float)
                0x0000000000418d60                L6470::maxSpdParse(unsigned long)
                0x0000000000418d80                L6470::minSpdCalc(float)
                0x0000000000418db0                L6470::minSpdParse(unsigned long)
                0x0000000000418dd0                L6470::FSCalc(float)
                0x0000000000418e00                L6470::FSParse(unsigned long)
                0x0000000000418e30                L6470::intSpdCalc(float)
                0x0000000000418e60                L6470::intSpdParse(unsigned long)
                0x0000000000418e80                L6470::spdCalc(float)
                0x0000000000418ee0                L6470::spdParse(unsigned long)
                0x0000000000418f00                L6470::paramHandler(unsigned char, unsigned long)
                0x00000000004190f0                L6470::xferParam(unsigned long, unsigned char)
 *fill*         0x0000000000419179        0x7 
 .text          0x0000000000419180      0x505 ../lib-pwmdmx/lib_linux/libpwmdmx.a(pwmdmx.o)
                0x0000000000419180                PwmDmx::staticCallbackFunction(void*, char const*)
                0x00000000004192c0                PwmDmx::PwmDmx()
                0x00000000004192c0                PwmDmx::PwmDmx()
                0x00000000004194e0                PwmDmx::~PwmDmx()
                0x00000000004194e0                PwmDmx::~PwmDmx()
                0x0000000000419500                PwmDmx::GetPwmDmxMode(bool&) const
                0x0000000000419510                PwmDmx::GetPwmDmxChip(bool&) const
                0x0000000000419520                PwmDmx::Dump()
                0x0000000000419530                PwmDmx::IsMaskSet(unsigned short) const
                0x0000000000419540                PwmDmx::callbackFunction(char const*)
                0x0000000000419680                PwmDmx::GetLightSet() const
 *fill*         0x0000000000419685        0xb 
 .text          0x0000000000419690      0x47b ../lib-pca9685dmx/lib_linux/libpca9685dmx.a(pca9685dmxledparams.o)
                0x0000000000419690                PCA9685DmxLedParams::staticCallbackFunction(void*, char const*)
                0x00000000004197a0                PCA9685DmxLedParams::PCA9685DmxLedParams()
                0x00000000004197a0                PCA9685DmxLedParams::PCA9685DmxLedParams()
                0x00000000004197d0                PCA9685DmxLedParams::~PCA9685DmxLedParams()
                0x00000000004197d0                PCA9685DmxLedParams::~PCA9685DmxLedParams()
                0x00000000004197e0                PCA9685DmxLedParams::Load()
                0x0000000000419850                PCA9685DmxLedParams::Set(PCA9685DmxLed*)
                0x00000000004199e0                PCA9685DmxLedParams::Dump()
                0x00000000004199f0                PCA9685DmxLedParams::isMaskSet(unsigned short) const
                0x0000000000419a00                PCA9685DmxLedParams::callbackFunction(char const*)
 *fill*         0x0000000000419b0b        0x5 
 .text          0x0000000000419b10      0x3ba ../lib-pca9685dmx/lib_linux/libpca9685dmx.a(pca9685dmxservoparams.o)
                0x0000000000419b10                PCA9685DmxServoParams::staticCallbackFunction(void*, char const*)
                0x0000000000419bf0                PCA9685DmxServoParams::PCA9685DmxServoParams()
                0x0000000000419bf0                PCA9685DmxServoParams::PCA9685DmxServoParams()
                0x0000000000419c20                PCA9685DmxServoParams::~PCA9685DmxServoParams()
                0x0000000000419c20                PCA9685DmxServoParams::~PCA9685DmxServoParams()
                0x0000000000419c30                PCA9685DmxServoParams::Load()
                0x0000000000419ca0                PCA9685DmxServoParams::Set(PCA9685DmxServo*)
                0x0000000000419dd0                PCA9685DmxServoParams::Dump()
                0x0000000000419de0                PCA9685DmxServoParams::isMaskSet(unsigned short) const
                0x0000000000419df0                PCA9685DmxServoParams::callbackFunction(char const*)
 *fill*         0x0000000000419eca        0x6 
 .text          0x0000000000419ed0      0x676 ../lib-pca9685dmx/lib_linux/libpca9685dmx.a(pca9685dmxled.o)
                0x0000000000419ed0                PCA9685DmxLed::Stop()
                0x0000000000419ee0                PCA9685DmxLed::SetDmxStartAddress(unsigned short)
                0x0000000000419f00                PCA9685DmxLed::~PCA9685DmxLed()
                0x0000000000419f00                PCA9685DmxLed::~PCA9685DmxLed()
                0x0000000000419fc0                PCA9685DmxLed::GetSlotInfo(unsigned short, TLightSetSlotInfo&)
                0x0000000000419ff0                PCA9685DmxLed::~PCA9685DmxLed()
                0x000000000041a0c0                PCA9685DmxLed::PCA9685DmxLed()
                0x000000000041a0c0                PCA9685DmxLed::PCA9685DmxLed()
                0x000000000041a120                PCA9685DmxLed::SetSlotInfoRaw(char const*)
                0x000000000041a130                PCA9685DmxLed::GetI2cAddress() const
                0x000000000041a140                PCA9685DmxLed::SetI2cAddress(unsigned char)
                0x000000000041a150                PCA9685DmxLed::SetBoardInstances(unsigned char)
                0x000000000041a170                PCA9685DmxLed::SetPwmfrequency(unsigned short)
                0x000000000041a180                PCA9685DmxLed::GetInvert() const
                0x000000000041a190                PCA9685DmxLed::SetInvert(bool)
                0x000000000041a1a0                PCA9685DmxLed::GetOutDriver() const
                0x000000000041a1b0                PCA9685DmxLed::SetOutDriver(bool)
                0x000000000041a1c0                PCA9685DmxLed::SetDmxFootprint(unsigned short)
                0x000000000041a200                PCA9685DmxLed::Initialize()
                0x000000000041a3f0                PCA9685DmxLed::Start()
                0x000000000041a410                PCA9685DmxLed::SetData(unsigned char, unsigned char const*, unsigned short)
 *fill*         0x000000000041a546        0xa 
 .text._ZN13PCA9685DmxLed18GetDmxStartAddressEv
                0x000000000041a550        0x5 ../lib-pca9685dmx/lib_linux/libpca9685dmx.a(pca9685dmxled.o)
                0x000000000041a550                PCA9685DmxLed::GetDmxStartAddress()
 *fill*         0x000000000041a555        0xb 
 .text._ZN13PCA9685DmxLed15GetDmxFootprintEv
                0x000000000041a560        0x5 ../lib-pca9685dmx/lib_linux/libpca9685dmx.a(pca9685dmxled.o)
                0x000000000041a560                PCA9685DmxLed::GetDmxFootprint()
 *fill*         0x000000000041a565        0xb 
 .text          0x000000000041a570      0x3e6 ../lib-pca9685dmx/lib_linux/libpca9685dmx.a(pca9685dmxservo.o)
                0x000000000041a570                PCA9685DmxServo::SetDmxStartAddress(unsigned short)
                0x000000000041a590                PCA9685DmxServo::Stop()
                0x000000000041a5a0                PCA9685DmxServo::~PCA9685DmxServo()
                0x000000000041a5a0                PCA9685DmxServo::~PCA9685DmxServo()
                0x000000000041a5d0                PCA9685DmxServo::~PCA9685DmxServo()
                0x000000000041a600                PCA9685DmxServo::PCA9685DmxServo()
                0x000000000041a600                PCA9685DmxServo::PCA9685DmxServo()
                0x000000000041a650                PCA9685DmxServo::SetI2cAddress(unsigned char)
                0x000000000041a660                PCA9685DmxServo::SetBoardInstances(unsigned char)
                0x000000000041a680                PCA9685DmxServo::SetLeftUs(unsigned short)
                0x000000000041a690                PCA9685DmxServo::SetRightUs(unsigned short)
                0x000000000041a6a0                PCA9685DmxServo::SetDmxFootprint(unsigned short)
                0x000000000041a6e0                PCA9685DmxServo::Initialize()
                0x000000000041a800                PCA9685DmxServo::Start()
                0x000000000041a820                PCA9685DmxServo::SetData(unsigned char, unsigned char const*, unsigned short)
 *fill*         0x000000000041a956        0xa 
 .text._ZN15PCA9685DmxServo18GetDmxStartAddressEv
                0x000000000041a960        0x5 ../lib-pca9685dmx/lib_linux/libpca9685dmx.a(pca9685dmxservo.o)
                0x000000000041a960                PCA9685DmxServo::GetDmxStartAddress()
 *fill*         0x000000000041a965        0xb 
 .text._ZN15PCA9685DmxServo15GetDmxFootprintEv
                0x000000000041a970        0x5 ../lib-pca9685dmx/lib_linux/libpca9685dmx.a(pca9685dmxservo.o)
                0x000000000041a970                PCA9685DmxServo::GetDmxFootprint()
 *fill*         0x000000000041a975        0xb 
 .text          0x000000000041a980      0x458 ../lib-pca9685dmx/lib_linux/libpca9685dmx.a(pca9685dmxparams.o)
                0x000000000041a980                PCA9685DmxParams::staticCallbackFunction(void*, char const*)
                0x000000000041ab00                PCA9685DmxParams::PCA9685DmxParams(char const*)
                0x000000000041ab00                PCA9685DmxParams::PCA9685DmxParams(char const*)
                0x000000000041abc0                PCA9685DmxParams::~PCA9685DmxParams()
                0x000000000041abc0                PCA9685DmxParams::~PCA9685DmxParams()
                0x000000000041abe0                PCA9685DmxParams::callbackFunction(char const*)
                0x000000000041ad60                PCA9685DmxParams::GetI2cAddress(bool&) const
                0x000000000041ad70                PCA9685DmxParams::GetDmxStartAddress(bool&) const
                0x000000000041ad80                PCA9685DmxParams::GetDmxFootprint(bool&) const
                0x000000000041ad90                PCA9685DmxParams::GetBoardInstances(bool&) const
                0x000000000041ada0                PCA9685DmxParams::GetDmxSlotInfoRaw(bool&) const
                0x000000000041adb0                PCA9685DmxParams::Dump()
                0x000000000041adc0                PCA9685DmxParams::isMaskSet(unsigned short) const
                0x000000000041add0                PCA9685DmxParams::GetSetList() const
 *fill*         0x000000000041add8        0x8 
 .text          0x000000000041ade0      0x34e ../lib-pca9685/lib_linux/libpca9685.a(pca9685servo.o)
                0x000000000041ade0                PCA9685Servo::PCA9685Servo(unsigned char)
                0x000000000041ade0                PCA9685Servo::PCA9685Servo(unsigned char)
                0x000000000041aea0                PCA9685Servo::~PCA9685Servo()
                0x000000000041aea0                PCA9685Servo::~PCA9685Servo()
                0x000000000041aeb0                PCA9685Servo::SetLeftUs(unsigned short)
                0x000000000041aee0                PCA9685Servo::GetLeftUs() const
                0x000000000041aef0                PCA9685Servo::SetRightUs(unsigned short)
                0x000000000041af20                PCA9685Servo::GetRightUs() const
                0x000000000041af30                PCA9685Servo::CalcLeftCount()
                0x000000000041af60                PCA9685Servo::CalcRightCount()
                0x000000000041af90                PCA9685Servo::Set(unsigned char, unsigned short)
                0x000000000041afb0                PCA9685Servo::Set(unsigned char, unsigned char)
                0x000000000041b040                PCA9685Servo::SetAngle(unsigned char, unsigned char)
 *fill*         0x000000000041b12e        0x2 
 .text          0x000000000041b130       0xde ../lib-pca9685/lib_linux/libpca9685.a(pca9685pwmled.o)
                0x000000000041b130                PCA9685PWMLed::PCA9685PWMLed(unsigned char)
                0x000000000041b130                PCA9685PWMLed::PCA9685PWMLed(unsigned char)
                0x000000000041b170                PCA9685PWMLed::~PCA9685PWMLed()
                0x000000000041b170                PCA9685PWMLed::~PCA9685PWMLed()
                0x000000000041b180                PCA9685PWMLed::Set(unsigned char, unsigned short)
                0x000000000041b1c0                PCA9685PWMLed::Set(unsigned char, unsigned char)
 *fill*         0x000000000041b20e        0x2 
 .text          0x000000000041b210     0x15c7 ../lib-pca9685/lib_linux/libpca9685.a(pca9685.o)
                0x000000000041b210                PCA9685::PCA9685(unsigned char)
                0x000000000041b210                PCA9685::PCA9685(unsigned char)
                0x000000000041b3b0                PCA9685::~PCA9685()
                0x000000000041b3b0                PCA9685::~PCA9685()
                0x000000000041b3c0                PCA9685::Sleep(bool)